<html>
<body>
<pre>
<h1>礦ision Build Log</h1>
<h2>Project:</h2>
C:\Users\DYS7\Desktop\100步\1-2-18-旋转编码器数码管显示程序\YT32B1_STM32F103_demo.uvproj
Project File Date:  02/02/2018

<h2>Output:</h2>
Build target 'Target 1'
compiling core_cm3.c...
compiling system_stm32f10x.c...
compiling misc.c...
compiling stm32f10x_gpio.c...
compiling stm32f10x_rcc.c...
compiling stm32f10x_usart.c...
compiling stm32f10x_bkp.c...
compiling stm32f10x_pwr.c...
compiling stm32f10x_rtc.c...
compiling stm32f10x_flash.c...
compiling main.c...
compiling stm32f10x_it.c...
compiling delay.c...
compiling sys.c...
compiling flash.c...
compiling usart.c...
compiling rtc.c...
compiling led.c...
compiling key.c...
compiling buzzer.c...
compiling touch_key.c...
compiling TM1640.c...
compiling encoder.c...
linking...
Program Size: Code=14362 RO-data=806 RW-data=60 ZI-data=1836  
FromELF: creating hex file...
"YT32B1_STM32F103_demo.axf" - 0 Error(s), 0 Warning(s).
Build target 'Target 1'
compiling main.c...
User\main.c(30): warning:  #223-D: function "ENCODER_Init" declared implicitly
User\main.c:    ENCODER_Init(); //旋转编码器初始化
User\main.c:    ^
User\main.c(32): error:  #20: identifier "buf_encoder" is undefined
User\main.c:            buf_encoder=ENCODER_READ();     //读出按键值    
User\main.c:            ^
User\main.c(32): warning:  #223-D: function "ENCODER_READ" declared implicitly
User\main.c:            buf_encoder=ENCODER_READ();     //读出按键值    
User\main.c:                        ^
User\main.c(33): error:  #20: identifier "cou" is undefined
User\main.c:            if(buf_encoder==2){cou++;if(cou>99)cou=0;} //分析按键值，并加减计数器值。
User\main.c:                               ^
User\main.c(34): error:  #20: identifier "cou" is undefined
User\main.c:            if(buf_encoder==1){if(cou==0)cou=100;cou--;}
User\main.c:                                  ^
User\main.c(35): error:  #20: identifier "cou" is undefined
User\main.c:            if(buf_encoder==3)cou=0;
User\main.c:                              ^
User\main.c(26): warning:  #177-D: variable "c" was declared but never referenced
User\main.c:    u8 c=0x01;
User\main.c:       ^
User\main.c: User\main.c: 3 warnings, 4 errors
Target not created
Build target 'Target 1'
compiling main.c...
User\main.c(32): error:  #20: identifier "buf_encoder" is undefined
User\main.c:            buf_encoder=ENCODER_READ();     //读出按键值    
User\main.c:            ^
User\main.c(33): error:  #20: identifier "cou" is undefined
User\main.c:            if(buf_encoder==2){cou++;if(cou>99)cou=0;} //分析按键值，并加减计数器值。
User\main.c:                               ^
User\main.c(34): error:  #20: identifier "cou" is undefined
User\main.c:            if(buf_encoder==1){if(cou==0)cou=100;cou--;}
User\main.c:                                  ^
User\main.c(35): error:  #20: identifier "cou" is undefined
User\main.c:            if(buf_encoder==3)cou=0;
User\main.c:                              ^
User\main.c(26): warning:  #177-D: variable "c" was declared but never referenced
User\main.c:    u8 c=0x01;
User\main.c:       ^
User\main.c: User\main.c: 1 warning, 4 errors
Target not created
Build target 'Target 1'
compiling main.c...
User\main.c(34): error:  #20: identifier "cou" is undefined
User\main.c:            if(b==2){cou++;if(cou>99)cou=0;} //分析按键值，并加减计数器值。
User\main.c:                     ^
User\main.c(35): error:  #20: identifier "cou" is undefined
User\main.c:            if(b==1){if(cou==0)cou=100;cou--;}
User\main.c:                        ^
User\main.c(36): error:  #20: identifier "cou" is undefined
User\main.c:            if(b==3)cou=0;
User\main.c:                    ^
User\main.c(26): warning:  #177-D: variable "c" was declared but never referenced
User\main.c:    u8 c=0x01;
User\main.c:       ^
User\main.c: User\main.c: 1 warning, 3 errors
Target not created
Build target 'Target 1'
compiling main.c...
User\main.c(38): error:  #20: identifier "cou" is undefined
User\main.c:                    TM1640_display(6,cou/10); //显示数值
User\main.c:                                     ^
User\main.c: User\main.c: 0 warnings, 1 error
Target not created
Build target 'Target 1'
compiling main.c...
linking...
Program Size: Code=14434 RO-data=806 RW-data=64 ZI-data=1832  
FromELF: creating hex file...
"YT32B1_STM32F103_demo.axf" - 0 Error(s), 0 Warning(s).
Build target 'Target 1'
compiling main.c...
linking...
Program Size: Code=14446 RO-data=806 RW-data=64 ZI-data=1832  
FromELF: creating hex file...
"YT32B1_STM32F103_demo.axf" - 0 Error(s), 0 Warning(s).
Build target 'Target 1'
compiling main.c...
linking...
Program Size: Code=14446 RO-data=806 RW-data=64 ZI-data=1832  
FromELF: creating hex file...
"YT32B1_STM32F103_demo.axf" - 0 Error(s), 0 Warning(s).
Build target 'Target 1'
compiling main.c...
User\main.c(79): error: At end of source:  #67: expected a "}"
User\main.c: User\main.c: 0 warnings, 1 error
Target not created
Build target 'Target 1'
compiling main.c...
linking...
Program Size: Code=14506 RO-data=806 RW-data=64 ZI-data=1832  
FromELF: creating hex file...
"YT32B1_STM32F103_demo.axf" - 0 Error(s), 0 Warning(s).
Build target 'Target 1'
compiling main.c...
linking...
Program Size: Code=14506 RO-data=806 RW-data=64 ZI-data=1832  
FromELF: creating hex file...
"YT32B1_STM32F103_demo.axf" - 0 Error(s), 0 Warning(s).
Build target 'Target 1'
compiling main.c...
linking...
Program Size: Code=14502 RO-data=806 RW-data=64 ZI-data=1832  
FromELF: creating hex file...
"YT32B1_STM32F103_demo.axf" - 0 Error(s), 0 Warning(s).
Build target 'Target 1'
compiling main.c...
linking...
Program Size: Code=14502 RO-data=806 RW-data=64 ZI-data=1832  
FromELF: creating hex file...
"YT32B1_STM32F103_demo.axf" - 0 Error(s), 0 Warning(s).
Build target 'Target 1'
compiling main.c...
User\main.c(26): warning:  #177-D: variable "c" was declared but never referenced
User\main.c:    u8 a=0,b=0,c=0x01;
User\main.c:               ^
User\main.c: User\main.c: 1 warning, 0 errors
linking...
Program Size: Code=14486 RO-data=806 RW-data=64 ZI-data=1832  
FromELF: creating hex file...
"YT32B1_STM32F103_demo.axf" - 0 Error(s), 1 Warning(s).
Build target 'Target 1'
compiling main.c...
User\main.c(27): warning:  #177-D: variable "c" was declared but never referenced
User\main.c:    u8 a=0,b=0,c=0x01;
User\main.c:               ^
User\main.c: User\main.c: 1 warning, 0 errors
linking...
Program Size: Code=14486 RO-data=806 RW-data=64 ZI-data=1832  
FromELF: creating hex file...
"YT32B1_STM32F103_demo.axf" - 0 Error(s), 1 Warning(s).
Build target 'Target 1'
compiling main.c...
User\main.c(27): warning:  #177-D: variable "c" was declared but never referenced
User\main.c:    u8 a=0,b=0,c=0x01;
User\main.c:               ^
User\main.c: User\main.c: 1 warning, 0 errors
linking...
Program Size: Code=14486 RO-data=806 RW-data=64 ZI-data=1832  
FromELF: creating hex file...
"YT32B1_STM32F103_demo.axf" - 0 Error(s), 1 Warning(s).
Build target 'Target 1'
compiling main.c...
User\main.c(27): warning:  #177-D: variable "c" was declared but never referenced
User\main.c:    u8 a=0,b=0,c=0x01;
User\main.c:               ^
User\main.c: User\main.c: 1 warning, 0 errors
linking...
Program Size: Code=14486 RO-data=806 RW-data=64 ZI-data=1832  
FromELF: creating hex file...
"YT32B1_STM32F103_demo.axf" - 0 Error(s), 1 Warning(s).
Build target 'Target 1'
compiling main.c...
User\main.c(27): warning:  #177-D: variable "c" was declared but never referenced
User\main.c:    u8 a=0,b=0,c=0x01;
User\main.c:               ^
User\main.c: User\main.c: 1 warning, 0 errors
linking...
Program Size: Code=14486 RO-data=806 RW-data=64 ZI-data=1832  
FromELF: creating hex file...
"YT32B1_STM32F103_demo.axf" - 0 Error(s), 1 Warning(s).
Build target 'Target 1'
compiling main.c...
User\main.c(27): warning:  #177-D: variable "c" was declared but never referenced
User\main.c:    u8 a=0,b=0,c=0x01;
User\main.c:               ^
User\main.c: User\main.c: 1 warning, 0 errors
linking...
Program Size: Code=14486 RO-data=806 RW-data=64 ZI-data=1832  
FromELF: creating hex file...
"YT32B1_STM32F103_demo.axf" - 0 Error(s), 1 Warning(s).
Build target 'Target 1'
compiling main.c...
User\main.c(27): warning:  #177-D: variable "c" was declared but never referenced
User\main.c:    u8 a=0,b=0,c=0x01;
User\main.c:               ^
User\main.c: User\main.c: 1 warning, 0 errors
compiling encoder.c...
linking...
Program Size: Code=14494 RO-data=806 RW-data=64 ZI-data=1832  
FromELF: creating hex file...
"YT32B1_STM32F103_demo.axf" - 0 Error(s), 1 Warning(s).
Build target 'Target 1'
compiling encoder.c...
linking...
Program Size: Code=14494 RO-data=806 RW-data=64 ZI-data=1832  
FromELF: creating hex file...
"YT32B1_STM32F103_demo.axf" - 0 Error(s), 0 Warning(s).
Build target 'Target 1'
compiling main.c...
User\main.c(27): warning:  #177-D: variable "c" was declared but never referenced
User\main.c:    u8 a=0,b=0,c=0x01;
User\main.c:               ^
User\main.c: User\main.c: 1 warning, 0 errors
linking...
Program Size: Code=14534 RO-data=806 RW-data=64 ZI-data=1832  
FromELF: creating hex file...
"YT32B1_STM32F103_demo.axf" - 0 Error(s), 1 Warning(s).
