Product: MDK-ARM Professional 5.10
Component: ARM Compiler 5.04 update 1 (build 49)
Tool: armlink [5040049]

==============================================================================

Section Cross References

    system_stm32f10x.o(.text) refers to system_stm32f10x.o(.data) for SystemCoreClock
    stm32f10x_gpio.o(.text) refers to stm32f10x_rcc.o(.text) for RCC_APB2PeriphResetCmd
    stm32f10x_rcc.o(.text) refers to stm32f10x_rcc.o(.data) for APBAHBPrescTable
    stm32f10x_usart.o(.text) refers to stm32f10x_rcc.o(.text) for RCC_APB2PeriphResetCmd
    stm32f10x_bkp.o(.text) refers to stm32f10x_rcc.o(.text) for RCC_BackupResetCmd
    stm32f10x_pwr.o(.text) refers to stm32f10x_rcc.o(.text) for RCC_APB1PeriphResetCmd
    stm32f10x_i2c.o(.text) refers to stm32f10x_rcc.o(.text) for RCC_APB1PeriphResetCmd
    startup_stm32f10x_md.o(STACK) refers (Special) to heapauxi.o(.text) for __use_two_region_memory
    startup_stm32f10x_md.o(HEAP) refers (Special) to heapauxi.o(.text) for __use_two_region_memory
    startup_stm32f10x_md.o(RESET) refers (Special) to heapauxi.o(.text) for __use_two_region_memory
    startup_stm32f10x_md.o(RESET) refers to startup_stm32f10x_md.o(STACK) for __initial_sp
    startup_stm32f10x_md.o(RESET) refers to startup_stm32f10x_md.o(.text) for Reset_Handler
    startup_stm32f10x_md.o(RESET) refers to stm32f10x_it.o(.text) for NMI_Handler
    startup_stm32f10x_md.o(.text) refers (Special) to heapauxi.o(.text) for __use_two_region_memory
    startup_stm32f10x_md.o(.text) refers to system_stm32f10x.o(.text) for SystemInit
    startup_stm32f10x_md.o(.text) refers to __main.o(!!!main) for __main
    startup_stm32f10x_md.o(.text) refers to startup_stm32f10x_md.o(HEAP) for Heap_Mem
    startup_stm32f10x_md.o(.text) refers to startup_stm32f10x_md.o(STACK) for Stack_Mem
    main.o(.text) refers to sys.o(.text) for RCC_Configuration
    main.o(.text) refers to delay.o(.text) for delay_s
    sys.o(.text) refers to misc.o(.text) for NVIC_PriorityGroupConfig
    sys.o(.text) refers to stm32f10x_rcc.o(.text) for RCC_DeInit
    sys.o(.text) refers to stm32f10x_flash.o(.text) for FLASH_SetLatency
    __main.o(!!!main) refers to rtentry.o(.ARM.Collect$$rtentry$$00000000) for __rt_entry
    rtentry.o(.ARM.Collect$$rtentry$$00000000) refers (Special) to rtentry2.o(.ARM.Collect$$rtentry$$0000000A) for __rt_entry_li
    rtentry.o(.ARM.Collect$$rtentry$$00000000) refers (Special) to rtentry2.o(.ARM.Collect$$rtentry$$0000000D) for __rt_entry_main
    rtentry.o(.ARM.Collect$$rtentry$$00000000) refers (Special) to rtentry2.o(.ARM.Collect$$rtentry$$0000000C) for __rt_entry_postli_1
    rtentry.o(.ARM.Collect$$rtentry$$00000000) refers (Special) to rtentry2.o(.ARM.Collect$$rtentry$$00000009) for __rt_entry_postsh_1
    rtentry.o(.ARM.Collect$$rtentry$$00000000) refers (Special) to rtentry2.o(.ARM.Collect$$rtentry$$00000002) for __rt_entry_presh_1
    rtentry.o(.ARM.Collect$$rtentry$$00000000) refers (Special) to rtentry4.o(.ARM.Collect$$rtentry$$00000004) for __rt_entry_sh
    rtentry2.o(.ARM.Collect$$rtentry$$00000008) refers to boardinit2.o(.text) for _platform_post_stackheap_init
    rtentry2.o(.ARM.Collect$$rtentry$$0000000A) refers to libinit.o(.ARM.Collect$$libinit$$00000000) for __rt_lib_init
    rtentry2.o(.ARM.Collect$$rtentry$$0000000B) refers to boardinit3.o(.text) for _platform_post_lib_init
    rtentry2.o(.ARM.Collect$$rtentry$$0000000D) refers to main.o(.text) for main
    rtentry2.o(.ARM.Collect$$rtentry$$0000000D) refers to exit.o(.text) for exit
    rtentry2.o(.ARM.exidx) refers to rtentry2.o(.ARM.Collect$$rtentry$$00000001) for .ARM.Collect$$rtentry$$00000001
    rtentry2.o(.ARM.exidx) refers to rtentry2.o(.ARM.Collect$$rtentry$$00000008) for .ARM.Collect$$rtentry$$00000008
    rtentry2.o(.ARM.exidx) refers to rtentry2.o(.ARM.Collect$$rtentry$$0000000A) for .ARM.Collect$$rtentry$$0000000A
    rtentry2.o(.ARM.exidx) refers to rtentry2.o(.ARM.Collect$$rtentry$$0000000B) for .ARM.Collect$$rtentry$$0000000B
    rtentry2.o(.ARM.exidx) refers to rtentry2.o(.ARM.Collect$$rtentry$$0000000D) for .ARM.Collect$$rtentry$$0000000D
    rtentry4.o(.ARM.Collect$$rtentry$$00000004) refers to sys_stackheap_outer.o(.text) for __user_setup_stackheap
    rtentry4.o(.ARM.exidx) refers to rtentry4.o(.ARM.Collect$$rtentry$$00000004) for .ARM.Collect$$rtentry$$00000004
    sys_stackheap_outer.o(.text) refers to libspace.o(.text) for __user_perproc_libspace
    sys_stackheap_outer.o(.text) refers to startup_stm32f10x_md.o(.text) for __user_initial_stackheap
    exit.o(.text) refers to rtexit.o(.ARM.Collect$$rtexit$$00000000) for __rt_exit
    libinit.o(.ARM.Collect$$libinit$$00000000) refers (Special) to libinit2.o(.ARM.Collect$$libinit$$0000002C) for __rt_lib_init_alloca_1
    libinit.o(.ARM.Collect$$libinit$$00000000) refers (Special) to libinit2.o(.ARM.Collect$$libinit$$0000002A) for __rt_lib_init_argv_1
    libinit.o(.ARM.Collect$$libinit$$00000000) refers (Special) to libinit2.o(.ARM.Collect$$libinit$$00000019) for __rt_lib_init_atexit_1
    libinit.o(.ARM.Collect$$libinit$$00000000) refers (Special) to libinit2.o(.ARM.Collect$$libinit$$0000001F) for __rt_lib_init_clock_1
    libinit.o(.ARM.Collect$$libinit$$00000000) refers (Special) to libinit2.o(.ARM.Collect$$libinit$$00000030) for __rt_lib_init_cpp_1
    libinit.o(.ARM.Collect$$libinit$$00000000) refers (Special) to libinit2.o(.ARM.Collect$$libinit$$0000002E) for __rt_lib_init_exceptions_1
    libinit.o(.ARM.Collect$$libinit$$00000000) refers (Special) to libinit2.o(.ARM.Collect$$libinit$$00000002) for __rt_lib_init_fp_1
    libinit.o(.ARM.Collect$$libinit$$00000000) refers (Special) to libinit2.o(.ARM.Collect$$libinit$$0000001D) for __rt_lib_init_fp_trap_1
    libinit.o(.ARM.Collect$$libinit$$00000000) refers (Special) to libinit2.o(.ARM.Collect$$libinit$$00000021) for __rt_lib_init_getenv_1
    libinit.o(.ARM.Collect$$libinit$$00000000) refers (Special) to libinit2.o(.ARM.Collect$$libinit$$00000008) for __rt_lib_init_heap_1
    libinit.o(.ARM.Collect$$libinit$$00000000) refers (Special) to libinit2.o(.ARM.Collect$$libinit$$0000000F) for __rt_lib_init_lc_collate_1
    libinit.o(.ARM.Collect$$libinit$$00000000) refers (Special) to libinit2.o(.ARM.Collect$$libinit$$00000011) for __rt_lib_init_lc_ctype_1
    libinit.o(.ARM.Collect$$libinit$$00000000) refers (Special) to libinit2.o(.ARM.Collect$$libinit$$00000013) for __rt_lib_init_lc_monetary_1
    libinit.o(.ARM.Collect$$libinit$$00000000) refers (Special) to libinit2.o(.ARM.Collect$$libinit$$00000015) for __rt_lib_init_lc_numeric_1
    libinit.o(.ARM.Collect$$libinit$$00000000) refers (Special) to libinit2.o(.ARM.Collect$$libinit$$00000017) for __rt_lib_init_lc_time_1
    libinit.o(.ARM.Collect$$libinit$$00000000) refers (Special) to libinit2.o(.ARM.Collect$$libinit$$0000000C) for __rt_lib_init_rand_1
    libinit.o(.ARM.Collect$$libinit$$00000000) refers (Special) to libinit2.o(.ARM.Collect$$libinit$$00000031) for __rt_lib_init_return
    libinit.o(.ARM.Collect$$libinit$$00000000) refers (Special) to libinit2.o(.ARM.Collect$$libinit$$0000001B) for __rt_lib_init_signal_1
    libinit.o(.ARM.Collect$$libinit$$00000000) refers (Special) to libinit2.o(.ARM.Collect$$libinit$$00000023) for __rt_lib_init_stdio_1
    libinit.o(.ARM.Collect$$libinit$$00000000) refers (Special) to libinit2.o(.ARM.Collect$$libinit$$0000000A) for __rt_lib_init_user_alloc_1
    libspace.o(.text) refers to libspace.o(.bss) for __libspace_start
    rtexit.o(.ARM.Collect$$rtexit$$00000000) refers (Special) to rtexit2.o(.ARM.Collect$$rtexit$$00000004) for __rt_exit_exit
    rtexit.o(.ARM.Collect$$rtexit$$00000000) refers (Special) to rtexit2.o(.ARM.Collect$$rtexit$$00000003) for __rt_exit_ls
    rtexit.o(.ARM.Collect$$rtexit$$00000000) refers (Special) to rtexit2.o(.ARM.Collect$$rtexit$$00000002) for __rt_exit_prels_1
    rtexit.o(.ARM.exidx) refers (Special) to rtexit2.o(.ARM.Collect$$rtexit$$00000004) for __rt_exit_exit
    rtexit.o(.ARM.exidx) refers (Special) to rtexit2.o(.ARM.Collect$$rtexit$$00000003) for __rt_exit_ls
    rtexit.o(.ARM.exidx) refers (Special) to rtexit2.o(.ARM.Collect$$rtexit$$00000002) for __rt_exit_prels_1
    rtexit.o(.ARM.exidx) refers to rtexit.o(.ARM.Collect$$rtexit$$00000000) for .ARM.Collect$$rtexit$$00000000
    libinit2.o(.ARM.Collect$$libinit$$0000000E) refers to libinit2.o(.ARM.Collect$$libinit$$0000000D) for .ARM.Collect$$libinit$$0000000D
    libinit2.o(.ARM.Collect$$libinit$$00000010) refers to libinit2.o(.ARM.Collect$$libinit$$0000000D) for .ARM.Collect$$libinit$$0000000D
    libinit2.o(.ARM.Collect$$libinit$$00000012) refers to libinit2.o(.ARM.Collect$$libinit$$0000000D) for .ARM.Collect$$libinit$$0000000D
    libinit2.o(.ARM.Collect$$libinit$$00000014) refers to libinit2.o(.ARM.Collect$$libinit$$0000000D) for .ARM.Collect$$libinit$$0000000D
    libinit2.o(.ARM.Collect$$libinit$$00000016) refers to libinit2.o(.ARM.Collect$$libinit$$0000000D) for .ARM.Collect$$libinit$$0000000D
    libinit2.o(.ARM.Collect$$libinit$$00000024) refers to argv_veneer.o(.emb_text) for __ARM_argv_veneer
    libinit2.o(.ARM.Collect$$libinit$$00000025) refers to argv_veneer.o(.emb_text) for __ARM_argv_veneer
    rtexit2.o(.ARM.Collect$$rtexit$$00000003) refers to libshutdown.o(.ARM.Collect$$libshutdown$$00000000) for __rt_lib_shutdown
    rtexit2.o(.ARM.Collect$$rtexit$$00000004) refers to sys_exit.o(.text) for _sys_exit
    rtexit2.o(.ARM.exidx) refers to rtexit2.o(.ARM.Collect$$rtexit$$00000001) for .ARM.Collect$$rtexit$$00000001
    rtexit2.o(.ARM.exidx) refers to rtexit2.o(.ARM.Collect$$rtexit$$00000003) for .ARM.Collect$$rtexit$$00000003
    rtexit2.o(.ARM.exidx) refers to rtexit2.o(.ARM.Collect$$rtexit$$00000004) for .ARM.Collect$$rtexit$$00000004
    argv_veneer.o(.emb_text) refers to no_argv.o(.text) for __ARM_get_argv
    sys_exit.o(.text) refers (Special) to use_no_semi.o(.text) for __I$use$semihosting
    sys_exit.o(.text) refers (Special) to indicate_semi.o(.text) for __semihosting_library_function
    _get_argv_nomalloc.o(.text) refers (Special) to hrguard.o(.text) for __heap_region$guard
    _get_argv_nomalloc.o(.text) refers to defsig_rtmem_outer.o(.text) for __rt_SIGRTMEM
    _get_argv_nomalloc.o(.text) refers to sys_command.o(.text) for _sys_command_string
    libshutdown.o(.ARM.Collect$$libshutdown$$00000000) refers (Special) to libshutdown2.o(.ARM.Collect$$libshutdown$$00000006) for __rt_lib_shutdown_fp_trap_1
    libshutdown.o(.ARM.Collect$$libshutdown$$00000000) refers (Special) to libshutdown2.o(.ARM.Collect$$libshutdown$$0000000E) for __rt_lib_shutdown_heap_1
    libshutdown.o(.ARM.Collect$$libshutdown$$00000000) refers (Special) to libshutdown2.o(.ARM.Collect$$libshutdown$$0000000F) for __rt_lib_shutdown_return
    libshutdown.o(.ARM.Collect$$libshutdown$$00000000) refers (Special) to libshutdown2.o(.ARM.Collect$$libshutdown$$00000009) for __rt_lib_shutdown_signal_1
    libshutdown.o(.ARM.Collect$$libshutdown$$00000000) refers (Special) to libshutdown2.o(.ARM.Collect$$libshutdown$$00000003) for __rt_lib_shutdown_stdio_1
    libshutdown.o(.ARM.Collect$$libshutdown$$00000000) refers (Special) to libshutdown2.o(.ARM.Collect$$libshutdown$$0000000B) for __rt_lib_shutdown_user_alloc_1
    sys_command.o(.text) refers (Special) to use_no_semi.o(.text) for __I$use$semihosting
    sys_command.o(.text) refers (Special) to indicate_semi.o(.text) for __semihosting_library_function
    defsig_rtmem_outer.o(.text) refers to defsig_rtmem_inner.o(.text) for __rt_SIGRTMEM_inner
    defsig_rtmem_outer.o(.text) refers to defsig_exit.o(.text) for __sig_exit
    defsig_rtmem_formal.o(.text) refers to rt_raise.o(.text) for __rt_raise
    rt_raise.o(.text) refers to __raise.o(.text) for __raise
    rt_raise.o(.text) refers to sys_exit.o(.text) for _sys_exit
    defsig_exit.o(.text) refers to sys_exit.o(.text) for _sys_exit
    defsig_rtmem_inner.o(.text) refers to defsig_general.o(.text) for __default_signal_display
    __raise.o(.text) refers to defsig.o(CL$$defsig) for __default_signal_handler
    defsig_general.o(.text) refers to sys_wrch.o(.text) for _ttywrch
    sys_wrch.o(.text) refers (Special) to use_no_semi.o(.text) for __I$use$semihosting
    sys_wrch.o(.text) refers (Special) to indicate_semi.o(.text) for __semihosting_library_function
    defsig.o(CL$$defsig) refers to defsig_rtmem_inner.o(.text) for __rt_SIGRTMEM_inner
    defsig_abrt_inner.o(.text) refers to defsig_general.o(.text) for __default_signal_display
    defsig_fpe_inner.o(.text) refers to defsig_general.o(.text) for __default_signal_display
    defsig_rtred_inner.o(.text) refers to defsig_general.o(.text) for __default_signal_display
    defsig_stak_inner.o(.text) refers to defsig_general.o(.text) for __default_signal_display
    defsig_pvfn_inner.o(.text) refers to defsig_general.o(.text) for __default_signal_display
    defsig_cppl_inner.o(.text) refers to defsig_general.o(.text) for __default_signal_display
    defsig_segv_inner.o(.text) refers to defsig_general.o(.text) for __default_signal_display
    defsig_other.o(.text) refers to defsig_general.o(.text) for __default_signal_display


==============================================================================

Removing Unused input sections from the image.

    Removing core_cm3.o(.emb_text), (32 bytes).
    Removing stm32f10x_gpio.o(.text), (860 bytes).
    Removing stm32f10x_usart.o(.text), (1032 bytes).
    Removing stm32f10x_bkp.o(.text), (196 bytes).
    Removing stm32f10x_pwr.o(.text), (204 bytes).
    Removing stm32f10x_rtc.o(.text), (328 bytes).
    Removing stm32f10x_i2c.o(.text), (1028 bytes).

7 unused section(s) (total 3680 bytes) removed from the image.

==============================================================================

Image Symbol Table

    Local Symbols

    Symbol Name                              Value     Ov Type        Size  Object(Section)

    ../clib/angel/boardlib.s                 0x00000000   Number         0  boardshut.o ABSOLUTE
    ../clib/angel/boardlib.s                 0x00000000   Number         0  boardinit1.o ABSOLUTE
    ../clib/angel/boardlib.s                 0x00000000   Number         0  boardinit2.o ABSOLUTE
    ../clib/angel/boardlib.s                 0x00000000   Number         0  boardinit3.o ABSOLUTE
    ../clib/angel/handlers.s                 0x00000000   Number         0  __scatter_zi.o ABSOLUTE
    ../clib/angel/handlers.s                 0x00000000   Number         0  __scatter_copy.o ABSOLUTE
    ../clib/angel/kernel.s                   0x00000000   Number         0  rtentry4.o ABSOLUTE
    ../clib/angel/kernel.s                   0x00000000   Number         0  rtexit.o ABSOLUTE
    ../clib/angel/kernel.s                   0x00000000   Number         0  rtexit2.o ABSOLUTE
    ../clib/angel/kernel.s                   0x00000000   Number         0  rtentry.o ABSOLUTE
    ../clib/angel/kernel.s                   0x00000000   Number         0  rtentry2.o ABSOLUTE
    ../clib/angel/rt.s                       0x00000000   Number         0  rt_raise.o ABSOLUTE
    ../clib/angel/scatter.s                  0x00000000   Number         0  __scatter.o ABSOLUTE
    ../clib/angel/startup.s                  0x00000000   Number         0  __main.o ABSOLUTE
    ../clib/angel/sys.s                      0x00000000   Number         0  sys_stackheap_outer.o ABSOLUTE
    ../clib/angel/sys.s                      0x00000000   Number         0  libspace.o ABSOLUTE
    ../clib/angel/sys.s                      0x00000000   Number         0  indicate_semi.o ABSOLUTE
    ../clib/angel/sys.s                      0x00000000   Number         0  use_no_semi.o ABSOLUTE
    ../clib/angel/sysapp.c                   0x00000000   Number         0  sys_exit.o ABSOLUTE
    ../clib/angel/sysapp.c                   0x00000000   Number         0  sys_command.o ABSOLUTE
    ../clib/angel/sysapp.c                   0x00000000   Number         0  sys_wrch.o ABSOLUTE
    ../clib/armsys.c                         0x00000000   Number         0  no_argv.o ABSOLUTE
    ../clib/armsys.c                         0x00000000   Number         0  _get_argv_nomalloc.o ABSOLUTE
    ../clib/armsys.c                         0x00000000   Number         0  argv_veneer.o ABSOLUTE
    ../clib/armsys.c                         0x00000000   Number         0  argv_veneer.o ABSOLUTE
    ../clib/heapalloc.c                      0x00000000   Number         0  hrguard.o ABSOLUTE
    ../clib/heapaux.c                        0x00000000   Number         0  heapauxi.o ABSOLUTE
    ../clib/libinit.s                        0x00000000   Number         0  libshutdown.o ABSOLUTE
    ../clib/libinit.s                        0x00000000   Number         0  libinit.o ABSOLUTE
    ../clib/libinit.s                        0x00000000   Number         0  libinit2.o ABSOLUTE
    ../clib/libinit.s                        0x00000000   Number         0  libshutdown2.o ABSOLUTE
    ../clib/signal.c                         0x00000000   Number         0  defsig_abrt_inner.o ABSOLUTE
    ../clib/signal.c                         0x00000000   Number         0  defsig_general.o ABSOLUTE
    ../clib/signal.c                         0x00000000   Number         0  defsig_rtmem_inner.o ABSOLUTE
    ../clib/signal.c                         0x00000000   Number         0  __raise.o ABSOLUTE
    ../clib/signal.c                         0x00000000   Number         0  defsig_other.o ABSOLUTE
    ../clib/signal.c                         0x00000000   Number         0  defsig_rtmem_formal.o ABSOLUTE
    ../clib/signal.c                         0x00000000   Number         0  defsig_segv_inner.o ABSOLUTE
    ../clib/signal.c                         0x00000000   Number         0  defsig_exit.o ABSOLUTE
    ../clib/signal.c                         0x00000000   Number         0  defsig_cppl_inner.o ABSOLUTE
    ../clib/signal.c                         0x00000000   Number         0  defsig_pvfn_inner.o ABSOLUTE
    ../clib/signal.c                         0x00000000   Number         0  defsig_stak_inner.o ABSOLUTE
    ../clib/signal.c                         0x00000000   Number         0  defsig_rtred_inner.o ABSOLUTE
    ../clib/signal.c                         0x00000000   Number         0  defsig_fpe_inner.o ABSOLUTE
    ../clib/signal.c                         0x00000000   Number         0  defsig_rtmem_outer.o ABSOLUTE
    ../clib/signal.s                         0x00000000   Number         0  defsig.o ABSOLUTE
    ../clib/stdlib.c                         0x00000000   Number         0  exit.o ABSOLUTE
    ../fplib/fpinit.s                        0x00000000   Number         0  fpinit.o ABSOLUTE
    Basic\delay\delay.c                      0x00000000   Number         0  delay.o ABSOLUTE
    Basic\sys\sys.c                          0x00000000   Number         0  sys.o ABSOLUTE
    CMSIS\\core_cm3.c                        0x00000000   Number         0  core_cm3.o ABSOLUTE
    CMSIS\core_cm3.c                         0x00000000   Number         0  core_cm3.o ABSOLUTE
    CMSIS\system_stm32f10x.c                 0x00000000   Number         0  system_stm32f10x.o ABSOLUTE
    Hardware\OLED\OLED.c                     0x00000000   Number         0  oled.o ABSOLUTE
    Lib\src\misc.c                           0x00000000   Number         0  misc.o ABSOLUTE
    Lib\src\stm32f10x_bkp.c                  0x00000000   Number         0  stm32f10x_bkp.o ABSOLUTE
    Lib\src\stm32f10x_flash.c                0x00000000   Number         0  stm32f10x_flash.o ABSOLUTE
    Lib\src\stm32f10x_gpio.c                 0x00000000   Number         0  stm32f10x_gpio.o ABSOLUTE
    Lib\src\stm32f10x_i2c.c                  0x00000000   Number         0  stm32f10x_i2c.o ABSOLUTE
    Lib\src\stm32f10x_pwr.c                  0x00000000   Number         0  stm32f10x_pwr.o ABSOLUTE
    Lib\src\stm32f10x_rcc.c                  0x00000000   Number         0  stm32f10x_rcc.o ABSOLUTE
    Lib\src\stm32f10x_rtc.c                  0x00000000   Number         0  stm32f10x_rtc.o ABSOLUTE
    Lib\src\stm32f10x_usart.c                0x00000000   Number         0  stm32f10x_usart.o ABSOLUTE
    Startup\startup_stm32f10x_md.s           0x00000000   Number         0  startup_stm32f10x_md.o ABSOLUTE
    User\main.c                              0x00000000   Number         0  main.o ABSOLUTE
    User\stm32f10x_it.c                      0x00000000   Number         0  stm32f10x_it.o ABSOLUTE
    dc.s                                     0x00000000   Number         0  dc.o ABSOLUTE
    RESET                                    0x08000000   Section      236  startup_stm32f10x_md.o(RESET)
    !!!main                                  0x080000ec   Section        8  __main.o(!!!main)
    !!!scatter                               0x080000f4   Section       52  __scatter.o(!!!scatter)
    !!handler_copy                           0x08000128   Section       26  __scatter_copy.o(!!handler_copy)
    !!handler_zi                             0x08000144   Section       28  __scatter_zi.o(!!handler_zi)
    .ARM.Collect$$libinit$$00000000          0x08000160   Section        2  libinit.o(.ARM.Collect$$libinit$$00000000)
    .ARM.Collect$$libinit$$00000002          0x08000162   Section        0  libinit2.o(.ARM.Collect$$libinit$$00000002)
    .ARM.Collect$$libinit$$00000008          0x08000162   Section        0  libinit2.o(.ARM.Collect$$libinit$$00000008)
    .ARM.Collect$$libinit$$0000000A          0x08000162   Section        0  libinit2.o(.ARM.Collect$$libinit$$0000000A)
    .ARM.Collect$$libinit$$0000000C          0x08000162   Section        0  libinit2.o(.ARM.Collect$$libinit$$0000000C)
    .ARM.Collect$$libinit$$0000000F          0x08000162   Section        0  libinit2.o(.ARM.Collect$$libinit$$0000000F)
    .ARM.Collect$$libinit$$00000011          0x08000162   Section        0  libinit2.o(.ARM.Collect$$libinit$$00000011)
    .ARM.Collect$$libinit$$00000013          0x08000162   Section        0  libinit2.o(.ARM.Collect$$libinit$$00000013)
    .ARM.Collect$$libinit$$00000015          0x08000162   Section        0  libinit2.o(.ARM.Collect$$libinit$$00000015)
    .ARM.Collect$$libinit$$00000017          0x08000162   Section        0  libinit2.o(.ARM.Collect$$libinit$$00000017)
    .ARM.Collect$$libinit$$00000019          0x08000162   Section        0  libinit2.o(.ARM.Collect$$libinit$$00000019)
    .ARM.Collect$$libinit$$0000001B          0x08000162   Section        0  libinit2.o(.ARM.Collect$$libinit$$0000001B)
    .ARM.Collect$$libinit$$0000001D          0x08000162   Section        0  libinit2.o(.ARM.Collect$$libinit$$0000001D)
    .ARM.Collect$$libinit$$0000001F          0x08000162   Section        0  libinit2.o(.ARM.Collect$$libinit$$0000001F)
    .ARM.Collect$$libinit$$00000021          0x08000162   Section        0  libinit2.o(.ARM.Collect$$libinit$$00000021)
    .ARM.Collect$$libinit$$00000023          0x08000162   Section        0  libinit2.o(.ARM.Collect$$libinit$$00000023)
    .ARM.Collect$$libinit$$0000002A          0x08000162   Section        0  libinit2.o(.ARM.Collect$$libinit$$0000002A)
    .ARM.Collect$$libinit$$0000002C          0x08000162   Section        0  libinit2.o(.ARM.Collect$$libinit$$0000002C)
    .ARM.Collect$$libinit$$0000002E          0x08000162   Section        0  libinit2.o(.ARM.Collect$$libinit$$0000002E)
    .ARM.Collect$$libinit$$00000030          0x08000162   Section        0  libinit2.o(.ARM.Collect$$libinit$$00000030)
    .ARM.Collect$$libinit$$00000031          0x08000162   Section        2  libinit2.o(.ARM.Collect$$libinit$$00000031)
    .ARM.Collect$$libshutdown$$00000000      0x08000164   Section        2  libshutdown.o(.ARM.Collect$$libshutdown$$00000000)
    .ARM.Collect$$libshutdown$$00000003      0x08000166   Section        0  libshutdown2.o(.ARM.Collect$$libshutdown$$00000003)
    .ARM.Collect$$libshutdown$$00000006      0x08000166   Section        0  libshutdown2.o(.ARM.Collect$$libshutdown$$00000006)
    .ARM.Collect$$libshutdown$$00000009      0x08000166   Section        0  libshutdown2.o(.ARM.Collect$$libshutdown$$00000009)
    .ARM.Collect$$libshutdown$$0000000B      0x08000166   Section        0  libshutdown2.o(.ARM.Collect$$libshutdown$$0000000B)
    .ARM.Collect$$libshutdown$$0000000E      0x08000166   Section        0  libshutdown2.o(.ARM.Collect$$libshutdown$$0000000E)
    .ARM.Collect$$libshutdown$$0000000F      0x08000166   Section        2  libshutdown2.o(.ARM.Collect$$libshutdown$$0000000F)
    .ARM.Collect$$rtentry$$00000000          0x08000168   Section        0  rtentry.o(.ARM.Collect$$rtentry$$00000000)
    .ARM.Collect$$rtentry$$00000002          0x08000168   Section        0  rtentry2.o(.ARM.Collect$$rtentry$$00000002)
    .ARM.Collect$$rtentry$$00000004          0x08000168   Section        6  rtentry4.o(.ARM.Collect$$rtentry$$00000004)
    .ARM.Collect$$rtentry$$00000009          0x0800016e   Section        0  rtentry2.o(.ARM.Collect$$rtentry$$00000009)
    .ARM.Collect$$rtentry$$0000000A          0x0800016e   Section        4  rtentry2.o(.ARM.Collect$$rtentry$$0000000A)
    .ARM.Collect$$rtentry$$0000000C          0x08000172   Section        0  rtentry2.o(.ARM.Collect$$rtentry$$0000000C)
    .ARM.Collect$$rtentry$$0000000D          0x08000172   Section        8  rtentry2.o(.ARM.Collect$$rtentry$$0000000D)
    .ARM.Collect$$rtexit$$00000000           0x0800017a   Section        2  rtexit.o(.ARM.Collect$$rtexit$$00000000)
    .ARM.Collect$$rtexit$$00000002           0x0800017c   Section        0  rtexit2.o(.ARM.Collect$$rtexit$$00000002)
    .ARM.Collect$$rtexit$$00000003           0x0800017c   Section        4  rtexit2.o(.ARM.Collect$$rtexit$$00000003)
    .ARM.Collect$$rtexit$$00000004           0x08000180   Section        6  rtexit2.o(.ARM.Collect$$rtexit$$00000004)
    .text                                    0x08000188   Section        0  system_stm32f10x.o(.text)
    SetSysClockTo72                          0x08000189   Thumb Code   214  system_stm32f10x.o(.text)
    SetSysClock                              0x0800025f   Thumb Code     8  system_stm32f10x.o(.text)
    .text                                    0x08000368   Section        0  misc.o(.text)
    .text                                    0x08000444   Section        0  stm32f10x_rcc.o(.text)
    .text                                    0x080007e8   Section        0  stm32f10x_flash.o(.text)
    .text                                    0x08000da4   Section       64  startup_stm32f10x_md.o(.text)
    .text                                    0x08000de4   Section        0  main.o(.text)
    .text                                    0x08000df2   Section        0  stm32f10x_it.o(.text)
    .text                                    0x08000e0c   Section        0  delay.o(.text)
    .text                                    0x08000e6e   Section        0  sys.o(.text)
    .text                                    0x08000ee8   Section        0  heapauxi.o(.text)
    .text                                    0x08000eee   Section       74  sys_stackheap_outer.o(.text)
    .text                                    0x08000f38   Section        0  exit.o(.text)
    .text                                    0x08000f44   Section        8  libspace.o(.text)
    .text                                    0x08000f4c   Section        0  sys_exit.o(.text)
    .text                                    0x08000f58   Section        2  use_no_semi.o(.text)
    .text                                    0x08000f5a   Section        0  indicate_semi.o(.text)
    .data                                    0x20000000   Section       20  system_stm32f10x.o(.data)
    .data                                    0x20000014   Section       20  stm32f10x_rcc.o(.data)
    APBAHBPrescTable                         0x20000014   Data          16  stm32f10x_rcc.o(.data)
    ADCPrescTable                            0x20000024   Data           4  stm32f10x_rcc.o(.data)
    .bss                                     0x20000028   Section       96  libspace.o(.bss)
    HEAP                                     0x20000088   Section      512  startup_stm32f10x_md.o(HEAP)
    Heap_Mem                                 0x20000088   Data         512  startup_stm32f10x_md.o(HEAP)
    STACK                                    0x20000288   Section     1024  startup_stm32f10x_md.o(STACK)
    Stack_Mem                                0x20000288   Data        1024  startup_stm32f10x_md.o(STACK)
    __initial_sp                             0x20000688   Data           0  startup_stm32f10x_md.o(STACK)

    Global Symbols

    Symbol Name                              Value     Ov Type        Size  Object(Section)

    BuildAttributes$$THM_ISAv4$P$D$K$B$S$PE$A:L22UL41UL21$X:L11$S22US41US21$IEEE1$IW$USESV6$~STKCKD$USESV7$~SHL$OSPACE$ROPI$EBA8$UX$STANDARDLIB$REQ8$PRES8$EABIv2 0x00000000   Number         0  anon$$obj.o ABSOLUTE
    __ARM_use_no_argv                        0x00000000   Number         0  main.o ABSOLUTE
    __ARM_exceptions_init                     - Undefined Weak Reference
    __alloca_initialize                       - Undefined Weak Reference
    __cpp_initialize__aeabi_                  - Undefined Weak Reference
    __cxa_finalize                            - Undefined Weak Reference
    __rt_locale                               - Undefined Weak Reference
    __sigvec_lookup                           - Undefined Weak Reference
    _atexit_init                              - Undefined Weak Reference
    _call_atexit_fns                          - Undefined Weak Reference
    _clock_init                               - Undefined Weak Reference
    _fp_trap_init                             - Undefined Weak Reference
    _fp_trap_shutdown                         - Undefined Weak Reference
    _get_lc_collate                           - Undefined Weak Reference
    _get_lc_ctype                             - Undefined Weak Reference
    _get_lc_monetary                          - Undefined Weak Reference
    _get_lc_numeric                           - Undefined Weak Reference
    _get_lc_time                              - Undefined Weak Reference
    _getenv_init                              - Undefined Weak Reference
    _handle_redirection                       - Undefined Weak Reference
    _init_alloc                               - Undefined Weak Reference
    _init_user_alloc                          - Undefined Weak Reference
    _initio                                   - Undefined Weak Reference
    _rand_init                                - Undefined Weak Reference
    _signal_finish                            - Undefined Weak Reference
    _signal_init                              - Undefined Weak Reference
    _terminate_alloc                          - Undefined Weak Reference
    _terminate_user_alloc                     - Undefined Weak Reference
    _terminateio                              - Undefined Weak Reference
    __Vectors_Size                           0x000000ec   Number         0  startup_stm32f10x_md.o ABSOLUTE
    __Vectors                                0x08000000   Data           4  startup_stm32f10x_md.o(RESET)
    __Vectors_End                            0x080000ec   Data           0  startup_stm32f10x_md.o(RESET)
    __main                                   0x080000ed   Thumb Code     8  __main.o(!!!main)
    __scatterload                            0x080000f5   Thumb Code     0  __scatter.o(!!!scatter)
    __scatterload_rt2                        0x080000f5   Thumb Code    44  __scatter.o(!!!scatter)
    __scatterload_rt2_thumb_only             0x080000f5   Thumb Code     0  __scatter.o(!!!scatter)
    __scatterload_null                       0x08000103   Thumb Code     0  __scatter.o(!!!scatter)
    __scatterload_copy                       0x08000129   Thumb Code    26  __scatter_copy.o(!!handler_copy)
    __scatterload_zeroinit                   0x08000145   Thumb Code    28  __scatter_zi.o(!!handler_zi)
    __rt_lib_init                            0x08000161   Thumb Code     0  libinit.o(.ARM.Collect$$libinit$$00000000)
    __rt_lib_init_alloca_1                   0x08000163   Thumb Code     0  libinit2.o(.ARM.Collect$$libinit$$0000002C)
    __rt_lib_init_argv_1                     0x08000163   Thumb Code     0  libinit2.o(.ARM.Collect$$libinit$$0000002A)
    __rt_lib_init_atexit_1                   0x08000163   Thumb Code     0  libinit2.o(.ARM.Collect$$libinit$$00000019)
    __rt_lib_init_clock_1                    0x08000163   Thumb Code     0  libinit2.o(.ARM.Collect$$libinit$$0000001F)
    __rt_lib_init_cpp_1                      0x08000163   Thumb Code     0  libinit2.o(.ARM.Collect$$libinit$$00000030)
    __rt_lib_init_exceptions_1               0x08000163   Thumb Code     0  libinit2.o(.ARM.Collect$$libinit$$0000002E)
    __rt_lib_init_fp_1                       0x08000163   Thumb Code     0  libinit2.o(.ARM.Collect$$libinit$$00000002)
    __rt_lib_init_fp_trap_1                  0x08000163   Thumb Code     0  libinit2.o(.ARM.Collect$$libinit$$0000001D)
    __rt_lib_init_getenv_1                   0x08000163   Thumb Code     0  libinit2.o(.ARM.Collect$$libinit$$00000021)
    __rt_lib_init_heap_1                     0x08000163   Thumb Code     0  libinit2.o(.ARM.Collect$$libinit$$00000008)
    __rt_lib_init_lc_collate_1               0x08000163   Thumb Code     0  libinit2.o(.ARM.Collect$$libinit$$0000000F)
    __rt_lib_init_lc_ctype_1                 0x08000163   Thumb Code     0  libinit2.o(.ARM.Collect$$libinit$$00000011)
    __rt_lib_init_lc_monetary_1              0x08000163   Thumb Code     0  libinit2.o(.ARM.Collect$$libinit$$00000013)
    __rt_lib_init_lc_numeric_1               0x08000163   Thumb Code     0  libinit2.o(.ARM.Collect$$libinit$$00000015)
    __rt_lib_init_lc_time_1                  0x08000163   Thumb Code     0  libinit2.o(.ARM.Collect$$libinit$$00000017)
    __rt_lib_init_rand_1                     0x08000163   Thumb Code     0  libinit2.o(.ARM.Collect$$libinit$$0000000C)
    __rt_lib_init_return                     0x08000163   Thumb Code     0  libinit2.o(.ARM.Collect$$libinit$$00000031)
    __rt_lib_init_signal_1                   0x08000163   Thumb Code     0  libinit2.o(.ARM.Collect$$libinit$$0000001B)
    __rt_lib_init_stdio_1                    0x08000163   Thumb Code     0  libinit2.o(.ARM.Collect$$libinit$$00000023)
    __rt_lib_init_user_alloc_1               0x08000163   Thumb Code     0  libinit2.o(.ARM.Collect$$libinit$$0000000A)
    __rt_lib_shutdown                        0x08000165   Thumb Code     0  libshutdown.o(.ARM.Collect$$libshutdown$$00000000)
    __rt_lib_shutdown_fp_trap_1              0x08000167   Thumb Code     0  libshutdown2.o(.ARM.Collect$$libshutdown$$00000006)
    __rt_lib_shutdown_heap_1                 0x08000167   Thumb Code     0  libshutdown2.o(.ARM.Collect$$libshutdown$$0000000E)
    __rt_lib_shutdown_return                 0x08000167   Thumb Code     0  libshutdown2.o(.ARM.Collect$$libshutdown$$0000000F)
    __rt_lib_shutdown_signal_1               0x08000167   Thumb Code     0  libshutdown2.o(.ARM.Collect$$libshutdown$$00000009)
    __rt_lib_shutdown_stdio_1                0x08000167   Thumb Code     0  libshutdown2.o(.ARM.Collect$$libshutdown$$00000003)
    __rt_lib_shutdown_user_alloc_1           0x08000167   Thumb Code     0  libshutdown2.o(.ARM.Collect$$libshutdown$$0000000B)
    __rt_entry                               0x08000169   Thumb Code     0  rtentry.o(.ARM.Collect$$rtentry$$00000000)
    __rt_entry_presh_1                       0x08000169   Thumb Code     0  rtentry2.o(.ARM.Collect$$rtentry$$00000002)
    __rt_entry_sh                            0x08000169   Thumb Code     0  rtentry4.o(.ARM.Collect$$rtentry$$00000004)
    __rt_entry_li                            0x0800016f   Thumb Code     0  rtentry2.o(.ARM.Collect$$rtentry$$0000000A)
    __rt_entry_postsh_1                      0x0800016f   Thumb Code     0  rtentry2.o(.ARM.Collect$$rtentry$$00000009)
    __rt_entry_main                          0x08000173   Thumb Code     0  rtentry2.o(.ARM.Collect$$rtentry$$0000000D)
    __rt_entry_postli_1                      0x08000173   Thumb Code     0  rtentry2.o(.ARM.Collect$$rtentry$$0000000C)
    __rt_exit                                0x0800017b   Thumb Code     0  rtexit.o(.ARM.Collect$$rtexit$$00000000)
    __rt_exit_ls                             0x0800017d   Thumb Code     0  rtexit2.o(.ARM.Collect$$rtexit$$00000003)
    __rt_exit_prels_1                        0x0800017d   Thumb Code     0  rtexit2.o(.ARM.Collect$$rtexit$$00000002)
    __rt_exit_exit                           0x08000181   Thumb Code     0  rtexit2.o(.ARM.Collect$$rtexit$$00000004)
    SystemInit                               0x08000267   Thumb Code    78  system_stm32f10x.o(.text)
    SystemCoreClockUpdate                    0x080002b5   Thumb Code   142  system_stm32f10x.o(.text)
    NVIC_PriorityGroupConfig                 0x08000369   Thumb Code    10  misc.o(.text)
    NVIC_Init                                0x08000373   Thumb Code   100  misc.o(.text)
    NVIC_SetVectorTable                      0x080003d7   Thumb Code    14  misc.o(.text)
    NVIC_SystemLPConfig                      0x080003e5   Thumb Code    34  misc.o(.text)
    SysTick_CLKSourceConfig                  0x08000407   Thumb Code    40  misc.o(.text)
    RCC_DeInit                               0x08000445   Thumb Code    64  stm32f10x_rcc.o(.text)
    RCC_HSEConfig                            0x08000485   Thumb Code    70  stm32f10x_rcc.o(.text)
    RCC_GetFlagStatus                        0x080004cb   Thumb Code    56  stm32f10x_rcc.o(.text)
    RCC_WaitForHSEStartUp                    0x08000503   Thumb Code    56  stm32f10x_rcc.o(.text)
    RCC_AdjustHSICalibrationValue            0x0800053b   Thumb Code    20  stm32f10x_rcc.o(.text)
    RCC_HSICmd                               0x0800054f   Thumb Code     6  stm32f10x_rcc.o(.text)
    RCC_PLLConfig                            0x08000555   Thumb Code    24  stm32f10x_rcc.o(.text)
    RCC_PLLCmd                               0x0800056d   Thumb Code     6  stm32f10x_rcc.o(.text)
    RCC_SYSCLKConfig                         0x08000573   Thumb Code    18  stm32f10x_rcc.o(.text)
    RCC_GetSYSCLKSource                      0x08000585   Thumb Code    10  stm32f10x_rcc.o(.text)
    RCC_HCLKConfig                           0x0800058f   Thumb Code    18  stm32f10x_rcc.o(.text)
    RCC_PCLK1Config                          0x080005a1   Thumb Code    18  stm32f10x_rcc.o(.text)
    RCC_PCLK2Config                          0x080005b3   Thumb Code    20  stm32f10x_rcc.o(.text)
    RCC_ITConfig                             0x080005c7   Thumb Code    26  stm32f10x_rcc.o(.text)
    RCC_USBCLKConfig                         0x080005e1   Thumb Code     8  stm32f10x_rcc.o(.text)
    RCC_ADCCLKConfig                         0x080005e9   Thumb Code    18  stm32f10x_rcc.o(.text)
    RCC_LSEConfig                            0x080005fb   Thumb Code    50  stm32f10x_rcc.o(.text)
    RCC_LSICmd                               0x0800062d   Thumb Code     6  stm32f10x_rcc.o(.text)
    RCC_RTCCLKConfig                         0x08000633   Thumb Code    12  stm32f10x_rcc.o(.text)
    RCC_RTCCLKCmd                            0x0800063f   Thumb Code     8  stm32f10x_rcc.o(.text)
    RCC_GetClocksFreq                        0x08000647   Thumb Code   192  stm32f10x_rcc.o(.text)
    RCC_AHBPeriphClockCmd                    0x08000707   Thumb Code    26  stm32f10x_rcc.o(.text)
    RCC_APB2PeriphClockCmd                   0x08000721   Thumb Code    26  stm32f10x_rcc.o(.text)
    RCC_APB1PeriphClockCmd                   0x0800073b   Thumb Code    26  stm32f10x_rcc.o(.text)
    RCC_APB2PeriphResetCmd                   0x08000755   Thumb Code    26  stm32f10x_rcc.o(.text)
    RCC_APB1PeriphResetCmd                   0x0800076f   Thumb Code    26  stm32f10x_rcc.o(.text)
    RCC_BackupResetCmd                       0x08000789   Thumb Code     8  stm32f10x_rcc.o(.text)
    RCC_ClockSecuritySystemCmd               0x08000791   Thumb Code     6  stm32f10x_rcc.o(.text)
    RCC_MCOConfig                            0x08000797   Thumb Code     6  stm32f10x_rcc.o(.text)
    RCC_ClearFlag                            0x0800079d   Thumb Code    14  stm32f10x_rcc.o(.text)
    RCC_GetITStatus                          0x080007ab   Thumb Code    20  stm32f10x_rcc.o(.text)
    RCC_ClearITPendingBit                    0x080007bf   Thumb Code     6  stm32f10x_rcc.o(.text)
    FLASH_SetLatency                         0x080007e9   Thumb Code    18  stm32f10x_flash.o(.text)
    FLASH_HalfCycleAccessCmd                 0x080007fb   Thumb Code    22  stm32f10x_flash.o(.text)
    FLASH_PrefetchBufferCmd                  0x08000811   Thumb Code    22  stm32f10x_flash.o(.text)
    FLASH_Unlock                             0x08000827   Thumb Code    12  stm32f10x_flash.o(.text)
    FLASH_UnlockBank1                        0x08000833   Thumb Code    12  stm32f10x_flash.o(.text)
    FLASH_Lock                               0x0800083f   Thumb Code    14  stm32f10x_flash.o(.text)
    FLASH_LockBank1                          0x0800084d   Thumb Code    14  stm32f10x_flash.o(.text)
    FLASH_GetBank1Status                     0x0800085b   Thumb Code    48  stm32f10x_flash.o(.text)
    FLASH_WaitForLastOperation               0x0800088b   Thumb Code    38  stm32f10x_flash.o(.text)
    FLASH_ErasePage                          0x080008b1   Thumb Code    72  stm32f10x_flash.o(.text)
    FLASH_EraseAllPages                      0x080008f9   Thumb Code    68  stm32f10x_flash.o(.text)
    FLASH_WaitForLastBank1Operation          0x0800093d   Thumb Code    38  stm32f10x_flash.o(.text)
    FLASH_EraseAllBank1Pages                 0x08000963   Thumb Code    68  stm32f10x_flash.o(.text)
    FLASH_GetReadOutProtectionStatus         0x080009a7   Thumb Code    20  stm32f10x_flash.o(.text)
    FLASH_EraseOptionBytes                   0x080009bb   Thumb Code   150  stm32f10x_flash.o(.text)
    FLASH_ProgramWord                        0x08000a51   Thumb Code   102  stm32f10x_flash.o(.text)
    FLASH_ProgramHalfWord                    0x08000ab7   Thumb Code    60  stm32f10x_flash.o(.text)
    FLASH_ProgramOptionByteData              0x08000af3   Thumb Code    72  stm32f10x_flash.o(.text)
    FLASH_EnableWriteProtection              0x08000b3b   Thumb Code   200  stm32f10x_flash.o(.text)
    FLASH_ReadOutProtection                  0x08000c03   Thumb Code   156  stm32f10x_flash.o(.text)
    FLASH_UserOptionByteConfig               0x08000c9f   Thumb Code    88  stm32f10x_flash.o(.text)
    FLASH_GetUserOptionByte                  0x08000cf7   Thumb Code     8  stm32f10x_flash.o(.text)
    FLASH_GetWriteProtectionOptionByte       0x08000cff   Thumb Code     6  stm32f10x_flash.o(.text)
    FLASH_GetPrefetchBufferStatus            0x08000d05   Thumb Code    20  stm32f10x_flash.o(.text)
    FLASH_ITConfig                           0x08000d19   Thumb Code    26  stm32f10x_flash.o(.text)
    FLASH_GetFlagStatus                      0x08000d33   Thumb Code    42  stm32f10x_flash.o(.text)
    FLASH_ClearFlag                          0x08000d5d   Thumb Code     6  stm32f10x_flash.o(.text)
    FLASH_GetStatus                          0x08000d63   Thumb Code    48  stm32f10x_flash.o(.text)
    Reset_Handler                            0x08000da5   Thumb Code     8  startup_stm32f10x_md.o(.text)
    ADC1_2_IRQHandler                        0x08000dbf   Thumb Code     0  startup_stm32f10x_md.o(.text)
    CAN1_RX1_IRQHandler                      0x08000dbf   Thumb Code     0  startup_stm32f10x_md.o(.text)
    CAN1_SCE_IRQHandler                      0x08000dbf   Thumb Code     0  startup_stm32f10x_md.o(.text)
    DMA1_Channel1_IRQHandler                 0x08000dbf   Thumb Code     0  startup_stm32f10x_md.o(.text)
    DMA1_Channel2_IRQHandler                 0x08000dbf   Thumb Code     0  startup_stm32f10x_md.o(.text)
    DMA1_Channel3_IRQHandler                 0x08000dbf   Thumb Code     0  startup_stm32f10x_md.o(.text)
    DMA1_Channel4_IRQHandler                 0x08000dbf   Thumb Code     0  startup_stm32f10x_md.o(.text)
    DMA1_Channel5_IRQHandler                 0x08000dbf   Thumb Code     0  startup_stm32f10x_md.o(.text)
    DMA1_Channel6_IRQHandler                 0x08000dbf   Thumb Code     0  startup_stm32f10x_md.o(.text)
    DMA1_Channel7_IRQHandler                 0x08000dbf   Thumb Code     0  startup_stm32f10x_md.o(.text)
    EXTI0_IRQHandler                         0x08000dbf   Thumb Code     0  startup_stm32f10x_md.o(.text)
    EXTI15_10_IRQHandler                     0x08000dbf   Thumb Code     0  startup_stm32f10x_md.o(.text)
    EXTI1_IRQHandler                         0x08000dbf   Thumb Code     0  startup_stm32f10x_md.o(.text)
    EXTI2_IRQHandler                         0x08000dbf   Thumb Code     0  startup_stm32f10x_md.o(.text)
    EXTI3_IRQHandler                         0x08000dbf   Thumb Code     0  startup_stm32f10x_md.o(.text)
    EXTI4_IRQHandler                         0x08000dbf   Thumb Code     0  startup_stm32f10x_md.o(.text)
    EXTI9_5_IRQHandler                       0x08000dbf   Thumb Code     0  startup_stm32f10x_md.o(.text)
    FLASH_IRQHandler                         0x08000dbf   Thumb Code     0  startup_stm32f10x_md.o(.text)
    I2C1_ER_IRQHandler                       0x08000dbf   Thumb Code     0  startup_stm32f10x_md.o(.text)
    I2C1_EV_IRQHandler                       0x08000dbf   Thumb Code     0  startup_stm32f10x_md.o(.text)
    I2C2_ER_IRQHandler                       0x08000dbf   Thumb Code     0  startup_stm32f10x_md.o(.text)
    I2C2_EV_IRQHandler                       0x08000dbf   Thumb Code     0  startup_stm32f10x_md.o(.text)
    PVD_IRQHandler                           0x08000dbf   Thumb Code     0  startup_stm32f10x_md.o(.text)
    RCC_IRQHandler                           0x08000dbf   Thumb Code     0  startup_stm32f10x_md.o(.text)
    RTCAlarm_IRQHandler                      0x08000dbf   Thumb Code     0  startup_stm32f10x_md.o(.text)
    RTC_IRQHandler                           0x08000dbf   Thumb Code     0  startup_stm32f10x_md.o(.text)
    SPI1_IRQHandler                          0x08000dbf   Thumb Code     0  startup_stm32f10x_md.o(.text)
    SPI2_IRQHandler                          0x08000dbf   Thumb Code     0  startup_stm32f10x_md.o(.text)
    TAMPER_IRQHandler                        0x08000dbf   Thumb Code     0  startup_stm32f10x_md.o(.text)
    TIM1_BRK_IRQHandler                      0x08000dbf   Thumb Code     0  startup_stm32f10x_md.o(.text)
    TIM1_CC_IRQHandler                       0x08000dbf   Thumb Code     0  startup_stm32f10x_md.o(.text)
    TIM1_TRG_COM_IRQHandler                  0x08000dbf   Thumb Code     0  startup_stm32f10x_md.o(.text)
    TIM1_UP_IRQHandler                       0x08000dbf   Thumb Code     0  startup_stm32f10x_md.o(.text)
    TIM2_IRQHandler                          0x08000dbf   Thumb Code     0  startup_stm32f10x_md.o(.text)
    TIM3_IRQHandler                          0x08000dbf   Thumb Code     0  startup_stm32f10x_md.o(.text)
    TIM4_IRQHandler                          0x08000dbf   Thumb Code     0  startup_stm32f10x_md.o(.text)
    USART1_IRQHandler                        0x08000dbf   Thumb Code     0  startup_stm32f10x_md.o(.text)
    USART2_IRQHandler                        0x08000dbf   Thumb Code     0  startup_stm32f10x_md.o(.text)
    USART3_IRQHandler                        0x08000dbf   Thumb Code     0  startup_stm32f10x_md.o(.text)
    USBWakeUp_IRQHandler                     0x08000dbf   Thumb Code     0  startup_stm32f10x_md.o(.text)
    USB_HP_CAN1_TX_IRQHandler                0x08000dbf   Thumb Code     0  startup_stm32f10x_md.o(.text)
    USB_LP_CAN1_RX0_IRQHandler               0x08000dbf   Thumb Code     0  startup_stm32f10x_md.o(.text)
    WWDG_IRQHandler                          0x08000dbf   Thumb Code     0  startup_stm32f10x_md.o(.text)
    __user_initial_stackheap                 0x08000dc1   Thumb Code     0  startup_stm32f10x_md.o(.text)
    main                                     0x08000de5   Thumb Code    14  main.o(.text)
    NMI_Handler                              0x08000df3   Thumb Code     2  stm32f10x_it.o(.text)
    HardFault_Handler                        0x08000df5   Thumb Code     4  stm32f10x_it.o(.text)
    MemManage_Handler                        0x08000df9   Thumb Code     4  stm32f10x_it.o(.text)
    BusFault_Handler                         0x08000dfd   Thumb Code     4  stm32f10x_it.o(.text)
    UsageFault_Handler                       0x08000e01   Thumb Code     4  stm32f10x_it.o(.text)
    SVC_Handler                              0x08000e05   Thumb Code     2  stm32f10x_it.o(.text)
    DebugMon_Handler                         0x08000e07   Thumb Code     2  stm32f10x_it.o(.text)
    PendSV_Handler                           0x08000e09   Thumb Code     2  stm32f10x_it.o(.text)
    SysTick_Handler                          0x08000e0b   Thumb Code     2  stm32f10x_it.o(.text)
    delay_us                                 0x08000e0d   Thumb Code    46  delay.o(.text)
    delay_ms                                 0x08000e3b   Thumb Code    26  delay.o(.text)
    delay_s                                  0x08000e55   Thumb Code    26  delay.o(.text)
    NVIC_Configuration                       0x08000e6f   Thumb Code    12  sys.o(.text)
    RCC_Configuration                        0x08000e7b   Thumb Code   110  sys.o(.text)
    __use_two_region_memory                  0x08000ee9   Thumb Code     2  heapauxi.o(.text)
    __rt_heap_escrow$2region                 0x08000eeb   Thumb Code     2  heapauxi.o(.text)
    __rt_heap_expand$2region                 0x08000eed   Thumb Code     2  heapauxi.o(.text)
    __user_setup_stackheap                   0x08000eef   Thumb Code    74  sys_stackheap_outer.o(.text)
    exit                                     0x08000f39   Thumb Code    12  exit.o(.text)
    __user_libspace                          0x08000f45   Thumb Code     8  libspace.o(.text)
    __user_perproc_libspace                  0x08000f45   Thumb Code     0  libspace.o(.text)
    __user_perthread_libspace                0x08000f45   Thumb Code     0  libspace.o(.text)
    _sys_exit                                0x08000f4d   Thumb Code     8  sys_exit.o(.text)
    __I$use$semihosting                      0x08000f59   Thumb Code     0  use_no_semi.o(.text)
    __use_no_semihosting_swi                 0x08000f59   Thumb Code     2  use_no_semi.o(.text)
    __semihosting_library_function           0x08000f5b   Thumb Code     0  indicate_semi.o(.text)
    Region$$Table$$Base                      0x08000f5c   Number         0  anon$$obj.o(Region$$Table)
    Region$$Table$$Limit                     0x08000f7c   Number         0  anon$$obj.o(Region$$Table)
    SystemCoreClock                          0x20000000   Data           4  system_stm32f10x.o(.data)
    AHBPrescTable                            0x20000004   Data          16  system_stm32f10x.o(.data)
    __libspace_start                         0x20000028   Data          96  libspace.o(.bss)
    __temporary_stack_top$libspace           0x20000088   Data           0  libspace.o(.bss)



==============================================================================

Memory Map of the image

  Image Entry point : 0x080000ed

  Load Region LR_IROM1 (Base: 0x08000000, Size: 0x00000fa4, Max: 0x00010000, ABSOLUTE)

    Execution Region ER_IROM1 (Base: 0x08000000, Size: 0x00000f7c, Max: 0x00010000, ABSOLUTE)

    Base Addr    Size         Type   Attr      Idx    E Section Name        Object

    0x08000000   0x000000ec   Data   RO          249    RESET               startup_stm32f10x_md.o
    0x080000ec   0x00000008   Code   RO          324  * !!!main             c_w.l(__main.o)
    0x080000f4   0x00000034   Code   RO          478    !!!scatter          c_w.l(__scatter.o)
    0x08000128   0x0000001a   Code   RO          480    !!handler_copy      c_w.l(__scatter_copy.o)
    0x08000142   0x00000002   PAD
    0x08000144   0x0000001c   Code   RO          482    !!handler_zi        c_w.l(__scatter_zi.o)
    0x08000160   0x00000002   Code   RO          351    .ARM.Collect$$libinit$$00000000  c_w.l(libinit.o)
    0x08000162   0x00000000   Code   RO          358    .ARM.Collect$$libinit$$00000002  c_w.l(libinit2.o)
    0x08000162   0x00000000   Code   RO          361    .ARM.Collect$$libinit$$00000008  c_w.l(libinit2.o)
    0x08000162   0x00000000   Code   RO          363    .ARM.Collect$$libinit$$0000000A  c_w.l(libinit2.o)
    0x08000162   0x00000000   Code   RO          365    .ARM.Collect$$libinit$$0000000C  c_w.l(libinit2.o)
    0x08000162   0x00000000   Code   RO          368    .ARM.Collect$$libinit$$0000000F  c_w.l(libinit2.o)
    0x08000162   0x00000000   Code   RO          370    .ARM.Collect$$libinit$$00000011  c_w.l(libinit2.o)
    0x08000162   0x00000000   Code   RO          372    .ARM.Collect$$libinit$$00000013  c_w.l(libinit2.o)
    0x08000162   0x00000000   Code   RO          374    .ARM.Collect$$libinit$$00000015  c_w.l(libinit2.o)
    0x08000162   0x00000000   Code   RO          376    .ARM.Collect$$libinit$$00000017  c_w.l(libinit2.o)
    0x08000162   0x00000000   Code   RO          378    .ARM.Collect$$libinit$$00000019  c_w.l(libinit2.o)
    0x08000162   0x00000000   Code   RO          380    .ARM.Collect$$libinit$$0000001B  c_w.l(libinit2.o)
    0x08000162   0x00000000   Code   RO          382    .ARM.Collect$$libinit$$0000001D  c_w.l(libinit2.o)
    0x08000162   0x00000000   Code   RO          384    .ARM.Collect$$libinit$$0000001F  c_w.l(libinit2.o)
    0x08000162   0x00000000   Code   RO          386    .ARM.Collect$$libinit$$00000021  c_w.l(libinit2.o)
    0x08000162   0x00000000   Code   RO          388    .ARM.Collect$$libinit$$00000023  c_w.l(libinit2.o)
    0x08000162   0x00000000   Code   RO          392    .ARM.Collect$$libinit$$0000002A  c_w.l(libinit2.o)
    0x08000162   0x00000000   Code   RO          394    .ARM.Collect$$libinit$$0000002C  c_w.l(libinit2.o)
    0x08000162   0x00000000   Code   RO          396    .ARM.Collect$$libinit$$0000002E  c_w.l(libinit2.o)
    0x08000162   0x00000000   Code   RO          398    .ARM.Collect$$libinit$$00000030  c_w.l(libinit2.o)
    0x08000162   0x00000002   Code   RO          399    .ARM.Collect$$libinit$$00000031  c_w.l(libinit2.o)
    0x08000164   0x00000002   Code   RO          419    .ARM.Collect$$libshutdown$$00000000  c_w.l(libshutdown.o)
    0x08000166   0x00000000   Code   RO          433    .ARM.Collect$$libshutdown$$00000003  c_w.l(libshutdown2.o)
    0x08000166   0x00000000   Code   RO          436    .ARM.Collect$$libshutdown$$00000006  c_w.l(libshutdown2.o)
    0x08000166   0x00000000   Code   RO          439    .ARM.Collect$$libshutdown$$00000009  c_w.l(libshutdown2.o)
    0x08000166   0x00000000   Code   RO          441    .ARM.Collect$$libshutdown$$0000000B  c_w.l(libshutdown2.o)
    0x08000166   0x00000000   Code   RO          444    .ARM.Collect$$libshutdown$$0000000E  c_w.l(libshutdown2.o)
    0x08000166   0x00000002   Code   RO          445    .ARM.Collect$$libshutdown$$0000000F  c_w.l(libshutdown2.o)
    0x08000168   0x00000000   Code   RO          326    .ARM.Collect$$rtentry$$00000000  c_w.l(rtentry.o)
    0x08000168   0x00000000   Code   RO          328    .ARM.Collect$$rtentry$$00000002  c_w.l(rtentry2.o)
    0x08000168   0x00000006   Code   RO          340    .ARM.Collect$$rtentry$$00000004  c_w.l(rtentry4.o)
    0x0800016e   0x00000000   Code   RO          330    .ARM.Collect$$rtentry$$00000009  c_w.l(rtentry2.o)
    0x0800016e   0x00000004   Code   RO          331    .ARM.Collect$$rtentry$$0000000A  c_w.l(rtentry2.o)
    0x08000172   0x00000000   Code   RO          333    .ARM.Collect$$rtentry$$0000000C  c_w.l(rtentry2.o)
    0x08000172   0x00000008   Code   RO          334    .ARM.Collect$$rtentry$$0000000D  c_w.l(rtentry2.o)
    0x0800017a   0x00000002   Code   RO          355    .ARM.Collect$$rtexit$$00000000  c_w.l(rtexit.o)
    0x0800017c   0x00000000   Code   RO          401    .ARM.Collect$$rtexit$$00000002  c_w.l(rtexit2.o)
    0x0800017c   0x00000004   Code   RO          402    .ARM.Collect$$rtexit$$00000003  c_w.l(rtexit2.o)
    0x08000180   0x00000006   Code   RO          403    .ARM.Collect$$rtexit$$00000004  c_w.l(rtexit2.o)
    0x08000186   0x00000002   PAD
    0x08000188   0x000001e0   Code   RO           17    .text               system_stm32f10x.o
    0x08000368   0x000000dc   Code   RO          114    .text               misc.o
    0x08000444   0x000003a4   Code   RO          161    .text               stm32f10x_rcc.o
    0x080007e8   0x000005bc   Code   RO          223    .text               stm32f10x_flash.o
    0x08000da4   0x00000040   Code   RO          250    .text               startup_stm32f10x_md.o
    0x08000de4   0x0000000e   Code   RO          254    .text               main.o
    0x08000df2   0x0000001a   Code   RO          272    .text               stm32f10x_it.o
    0x08000e0c   0x00000062   Code   RO          287    .text               delay.o
    0x08000e6e   0x0000007a   Code   RO          302    .text               sys.o
    0x08000ee8   0x00000006   Code   RO          322    .text               c_w.l(heapauxi.o)
    0x08000eee   0x0000004a   Code   RO          342    .text               c_w.l(sys_stackheap_outer.o)
    0x08000f38   0x0000000c   Code   RO          344    .text               c_w.l(exit.o)
    0x08000f44   0x00000008   Code   RO          352    .text               c_w.l(libspace.o)
    0x08000f4c   0x0000000c   Code   RO          411    .text               c_w.l(sys_exit.o)
    0x08000f58   0x00000002   Code   RO          422    .text               c_w.l(use_no_semi.o)
    0x08000f5a   0x00000000   Code   RO          424    .text               c_w.l(indicate_semi.o)
    0x08000f5a   0x00000002   PAD
    0x08000f5c   0x00000020   Data   RO          476    Region$$Table       anon$$obj.o


    Execution Region RW_IRAM1 (Base: 0x20000000, Size: 0x00000688, Max: 0x00005000, ABSOLUTE)

    Base Addr    Size         Type   Attr      Idx    E Section Name        Object

    0x20000000   0x00000014   Data   RW           18    .data               system_stm32f10x.o
    0x20000014   0x00000014   Data   RW          162    .data               stm32f10x_rcc.o
    0x20000028   0x00000060   Zero   RW          353    .bss                c_w.l(libspace.o)
    0x20000088   0x00000200   Zero   RW          248    HEAP                startup_stm32f10x_md.o
    0x20000288   0x00000400   Zero   RW          247    STACK               startup_stm32f10x_md.o


==============================================================================

Image component sizes


      Code (inc. data)   RO Data    RW Data    ZI Data      Debug   Object Name

         0          0          0          0          0       4328   core_cm3.o
        98          0          0          0          0        812   delay.o
        14          0          0          0          0        407   main.o
       220         22          0          0          0     205021   misc.o
        64         26        236          0       1536        780   startup_stm32f10x_md.o
      1468         34          0          0          0       7926   stm32f10x_flash.o
        26          0          0          0          0       1186   stm32f10x_it.o
       932         36          0         20          0       8680   stm32f10x_rcc.o
       122          0          0          0          0        651   sys.o
       480         38          0         20          0      16731   system_stm32f10x.o

    ----------------------------------------------------------------------
      3424        156        268         40       1536     246522   Object Totals
         0          0         32          0          0          0   (incl. Generated)
         0          0          0          0          0          0   (incl. Padding)

    ----------------------------------------------------------------------

      Code (inc. data)   RO Data    RW Data    ZI Data      Debug   Library Member Name

         8          0          0          0          0         68   __main.o
        52          8          0          0          0          0   __scatter.o
        26          0          0          0          0          0   __scatter_copy.o
        28          0          0          0          0          0   __scatter_zi.o
        12          0          0          0          0         72   exit.o
         6          0          0          0          0        152   heapauxi.o
         0          0          0          0          0          0   indicate_semi.o
         2          0          0          0          0          0   libinit.o
         2          0          0          0          0          0   libinit2.o
         2          0          0          0          0          0   libshutdown.o
         2          0          0          0          0          0   libshutdown2.o
         8          4          0          0         96         68   libspace.o
         0          0          0          0          0          0   rtentry.o
        12          0          0          0          0          0   rtentry2.o
         6          0          0          0          0          0   rtentry4.o
         2          0          0          0          0          0   rtexit.o
        10          0          0          0          0          0   rtexit2.o
        12          4          0          0          0         68   sys_exit.o
        74          0          0          0          0         80   sys_stackheap_outer.o
         2          0          0          0          0         68   use_no_semi.o

    ----------------------------------------------------------------------
       272         16          0          0         96        576   Library Totals
         6          0          0          0          0          0   (incl. Padding)

    ----------------------------------------------------------------------

      Code (inc. data)   RO Data    RW Data    ZI Data      Debug   Library Name

       266         16          0          0         96        576   c_w.l

    ----------------------------------------------------------------------
       272         16          0          0         96        576   Library Totals

    ----------------------------------------------------------------------

==============================================================================


      Code (inc. data)   RO Data    RW Data    ZI Data      Debug   

      3696        172        268         40       1632     246366   Grand Totals
      3696        172        268         40       1632     246366   ELF Image Totals
      3696        172        268         40          0          0   ROM Totals

==============================================================================

    Total RO  Size (Code + RO Data)                 3964 (   3.87kB)
    Total RW  Size (RW Data + ZI Data)              1672 (   1.63kB)
    Total ROM Size (Code + RO Data + RW Data)       4004 (   3.91kB)

==============================================================================

