<html>
<body>
<pre>
<h1>礦ision Build Log</h1>
<h2>Project:</h2>
D:\Text file\STM 32  text\07 USART 串口通信\发送程序\YT32B1_STM32F103_demo.uvproj
Project File Date:  01/29/2019

<h2>Output:</h2>
Build target 'Target 1'
linking...
Program Size: Code=12240 RO-data=784 RW-data=48 ZI-data=2032  
FromELF: creating hex file...
".\YT32B1_STM32F103_demo.axf" - 0 Error(s), 0 Warning(s).
Load "D:\\Text file\\STM 32  text\\07 USART 串口通信\\发送程序\\YT32B1_STM32F103_demo.axf" 
Erase Done.
Programming Done.
Verify OK.
Application running ...
</pre>
</body>
</html>
ompiling stm32f10x_it.c...
compiling delay.c...
compiling sys.c...
compiling flash.c...
compiling usart.c...
compiling led.c...
compiling key.c...
compiling buzzer.c...
linking...
Program Size: Code=12240 RO-data=784 RW-data=48 ZI-data=2032  
FromELF: creating hex file...
".\YT32B1_STM32F103_demo.axf" - 0 Error(s), 0 Warning(s).
