<html>
<body>
<pre>
<h1>礦ision Build Log</h1>
<h2>Project:</h2>
C:\Users\DYS7\Desktop\100步\1-2-9-USART串口接收程序\YT32B1_STM32F103_demo.uvproj
Project File Date:  01/09/2018

<h2>Output:</h2>
Build target 'Target 1'
compiling main.c...
User\main.c(25): warning:  #177-D: variable "a" was declared but never referenced
User\main.c:    u8 a;
User\main.c:       ^
User\main.c: User\main.c: 1 warning, 0 errors
compiling usart.c...
linking...
Program Size: Code=11702 RO-data=782 RW-data=48 ZI-data=1632  
FromELF: creating hex file...
"YT32B1_STM32F103_demo.axf" - 0 Error(s), 1 Warning(s).
Build target 'Target 1'
compiling usart.c...
linking...
Program Size: Code=11698 RO-data=782 RW-data=48 ZI-data=1632  
FromELF: creating hex file...
"YT32B1_STM32F103_demo.axf" - 0 Error(s), 0 Warning(s).
Build target 'Target 1'
compiling main.c...
compiling usart.c...
linking...
Program Size: Code=11738 RO-data=782 RW-data=48 ZI-data=1632  
FromELF: creating hex file...
"YT32B1_STM32F103_demo.axf" - 0 Error(s), 0 Warning(s).
Build target 'Target 1'
compiling main.c...
compiling usart.c...
linking...
Program Size: Code=11734 RO-data=782 RW-data=48 ZI-data=1632  
FromELF: creating hex file...
"YT32B1_STM32F103_demo.axf" - 0 Error(s), 0 Warning(s).
Build target 'Target 1'
compiling main.c...
linking...
Program Size: Code=11734 RO-data=782 RW-data=48 ZI-data=1632  
FromELF: creating hex file...
"YT32B1_STM32F103_demo.axf" - 0 Error(s), 0 Warning(s).
Build target 'Target 1'
compiling main.c...
linking...
Program Size: Code=11738 RO-data=782 RW-data=48 ZI-data=1632  
FromELF: creating hex file...
"YT32B1_STM32F103_demo.axf" - 0 Error(s), 0 Warning(s).
Build target 'Target 1'
compiling main.c...
linking...
Program Size: Code=11734 RO-data=782 RW-data=48 ZI-data=1632  
FromELF: creating hex file...
"YT32B1_STM32F103_demo.axf" - 0 Error(s), 0 Warning(s).
Build target 'Target 1'
compiling main.c...
linking...
Program Size: Code=11734 RO-data=782 RW-data=48 ZI-data=1632  
FromELF: creating hex file...
"YT32B1_STM32F103_demo.axf" - 0 Error(s), 0 Warning(s).
