<html>
<body>
<pre>
<h1>µVision Build Log</h1>
<h2>Project:</h2>
D:\Text file\stm32  text\09 RTC  ±÷”≥Ã–Ú\YT32B1_STM32F103_demo.uvproj
Project File Date:  01/18/2018

<h2>Output:</h2>
Rebuild target 'Target 1'
compiling core_cm3.c...
compiling system_stm32f10x.c...
compiling misc.c...
compiling stm32f10x_gpio.c...
compiling stm32f10x_rcc.c...
compiling stm32f10x_usart.c...
compiling stm32f10x_bkp.c...
compiling stm32f10x_pwr.c...
compiling stm32f10x_rtc.c...
compiling stm32f10x_flash.c...
assembling startup_stm32f10x_md.s...
compiling main.c...
compiling stm32f10x_it.c...
compiling delay.c...
compiling sys.c...
compiling flash.c...
compiling usart.c...
compiling rtc.c...
compiling led.c...
compiling key.c...
compiling buzzer.c...
linking...
Program Size: Code=13756 RO-data=964 RW-data=56 ZI-data=1832  
FromELF: creating hex file...
".\YT32B1_STM32F103_demo.axf" - 0 Error(s), 0 Warning(s).
</pre>
</body>
</html>
