<html>
<body>
<pre>
<h1>礦ision Build Log</h1>
<h2>Project:</h2>
C:\Users\DYS7\Desktop\100步\1-2-4-按键控制LED程序\YT32B1_STM32F103_demo.uvproj
Project File Date:  08/27/2017

<h2>Output:</h2>
Build target 'Target 1'
compiling main.c...
User\main.c(21): error:  #5: cannot open source input file "key.h": No such file or directory
User\main.c:   #include "key.h" 
User\main.c:                    ^
User\main.c: User\main.c: 0 warnings, 1 error
compiling key.c...
Target not created
Build target 'Target 1'
compiling core_cm3.c...
compiling system_stm32f10x.c...
compiling misc.c...
compiling stm32f10x_gpio.c...
compiling stm32f10x_rcc.c...
compiling stm32f10x_usart.c...
compiling stm32f10x_bkp.c...
compiling stm32f10x_pwr.c...
compiling stm32f10x_rtc.c...
compiling stm32f10x_flash.c...
compiling main.c...
compiling stm32f10x_it.c...
compiling delay.c...
compiling sys.c...
compiling led.c...
compiling key.c...
linking...
Program Size: Code=4576 RO-data=268 RW-data=40 ZI-data=1632  
FromELF: creating hex file...
"YT32B1_STM32F103_demo.axf" - 0 Error(s), 0 Warning(s).
Build target 'Target 1'
compiling main.c...
linking...
Program Size: Code=4616 RO-data=268 RW-data=40 ZI-data=1632  
FromELF: creating hex file...
"YT32B1_STM32F103_demo.axf" - 0 Error(s), 0 Warning(s).
Build target 'Target 1'
compiling main.c...
linking...
Program Size: Code=4616 RO-data=268 RW-data=40 ZI-data=1632  
FromELF: creating hex file...
"YT32B1_STM32F103_demo.axf" - 0 Error(s), 0 Warning(s).
Build target 'Target 1'
compiling main.c...
linking...
Program Size: Code=4748 RO-data=268 RW-data=40 ZI-data=1632  
FromELF: creating hex file...
"YT32B1_STM32F103_demo.axf" - 0 Error(s), 0 Warning(s).
Build target 'Target 1'
compiling main.c...
linking...
Program Size: Code=4744 RO-data=268 RW-data=40 ZI-data=1632  
FromELF: creating hex file...
"YT32B1_STM32F103_demo.axf" - 0 Error(s), 0 Warning(s).
Build target 'Target 1'
compiling main.c...
User\main.c(25): warning:  #177-D: variable "a" was declared but never referenced
User\main.c:    u8 a=1; //定义变量
User\main.c:       ^
User\main.c: User\main.c: 1 warning, 0 errors
linking...
Program Size: Code=4584 RO-data=268 RW-data=40 ZI-data=1632  
FromELF: creating hex file...
"YT32B1_STM32F103_demo.axf" - 0 Error(s), 1 Warning(s).
Build target 'Target 1'
compiling main.c...
linking...
Program Size: Code=4744 RO-data=268 RW-data=40 ZI-data=1632  
FromELF: creating hex file...
"YT32B1_STM32F103_demo.axf" - 0 Error(s), 0 Warning(s).
Build target 'Target 1'
compiling main.c...
User\main.c(25): warning:  #177-D: variable "a" was declared but never referenced
User\main.c:    u8 a; //定义变量
User\main.c:       ^
User\main.c: User\main.c: 1 warning, 0 errors
linking...
Program Size: Code=4616 RO-data=268 RW-data=40 ZI-data=1632  
FromELF: creating hex file...
"YT32B1_STM32F103_demo.axf" - 0 Error(s), 1 Warning(s).
