<html>
<body>
<pre>
<h1>礦ision Build Log</h1>
<h2>Project:</h2>
C:\Users\DYS7\Desktop\100步\1-2-48-芯片ID读取程序\YT32B1_STM32F103_demo.uvproj
Project File Date:  07/22/2018

<h2>Output:</h2>
Build target 'Target 1'
compiling core_cm3.c...
compiling system_stm32f10x.c...
compiling misc.c...
compiling stm32f10x_gpio.c...
compiling stm32f10x_rcc.c...
compiling stm32f10x_usart.c...
compiling stm32f10x_pwr.c...
compiling stm32f10x_i2c.c...
compiling stm32f10x_rtc.c...
compiling stm32f10x_flash.c...
compiling main.c...
User\main.c(28): warning:  #177-D: variable "a" was declared but never referenced
User\main.c:    u32 a,b;
User\main.c:        ^
User\main.c(28): warning:  #177-D: variable "b" was declared but never referenced
User\main.c:    u32 a,b;
User\main.c:          ^
User\main.c(29): warning:  #177-D: variable "c" was declared but never referenced
User\main.c:    u8 c;
User\main.c:       ^
User\main.c(30): warning:  #177-D: variable "y" was declared but never referenced
User\main.c:    u32 y[3]={0x87654321,0x98765432,0x09876543};
User\main.c:        ^
User\main.c: User\main.c: 4 warnings, 0 errors
compiling stm32f10x_it.c...
compiling delay.c...
compiling sys.c...
compiling i2c.c...
compiling tim.c...
compiling relay.c...
compiling oled0561.c...
compiling led.c...
compiling key.c...
linking...
YT32B1_STM32F103_demo.axf: Error: L6218E: Undefined symbol TIM_ClearITPendingBit (referred from tim.o).
YT32B1_STM32F103_demo.axf: Error: L6218E: Undefined symbol TIM_Cmd (referred from tim.o).
YT32B1_STM32F103_demo.axf: Error: L6218E: Undefined symbol TIM_GetITStatus (referred from tim.o).
YT32B1_STM32F103_demo.axf: Error: L6218E: Undefined symbol TIM_ITConfig (referred from tim.o).
YT32B1_STM32F103_demo.axf: Error: L6218E: Undefined symbol TIM_TimeBaseInit (referred from tim.o).
YT32B1_STM32F103_demo.axf: Not enough information to list image symbols.
YT32B1_STM32F103_demo.axf: Finished: 1 information, 0 warning and 5 error messages.
Target not created
Build target 'Target 1'
compiling core_cm3.c...
compiling system_stm32f10x.c...
compiling misc.c...
compiling stm32f10x_gpio.c...
compiling stm32f10x_rcc.c...
compiling stm32f10x_usart.c...
compiling stm32f10x_pwr.c...
compiling stm32f10x_i2c.c...
compiling stm32f10x_rtc.c...
compiling stm32f10x_flash.c...
compiling main.c...
User\main.c(41): error:  #20: identifier "id" is undefined
User\main.c:    id[2] = *(__IO u32*)(0X1FFFF7E8);  // 低字节
User\main.c:    ^
User\main.c(45): warning:  #225-D: the format string ends before this argument
User\main.c:    printf("######## 芯片的唯一ID为: X-X-X  rn",ID[0],ID[1],ID[2]);
User\main.c:                                                ^
User\main.c: User\main.c: 1 warning, 1 error
compiling stm32f10x_it.c...
compiling delay.c...
compiling sys.c...
compiling i2c.c...
compiling tim.c...
compiling usart.c...
compiling relay.c...
compiling oled0561.c...
compiling led.c...
compiling key.c...
Target not created
Build target 'Target 1'
compiling main.c...
User\main.c(46): warning:  #225-D: the format string ends before this argument
User\main.c:    printf("######## 芯片的唯一ID为: X-X-X  rn",ID[0],ID[1],ID[2]);
User\main.c:                                                ^
User\main.c: User\main.c: 1 warning, 0 errors
linking...
YT32B1_STM32F103_demo.axf: Error: L6218E: Undefined symbol TIM_ClearITPendingBit (referred from tim.o).
YT32B1_STM32F103_demo.axf: Error: L6218E: Undefined symbol TIM_Cmd (referred from tim.o).
YT32B1_STM32F103_demo.axf: Error: L6218E: Undefined symbol TIM_GetITStatus (referred from tim.o).
YT32B1_STM32F103_demo.axf: Error: L6218E: Undefined symbol TIM_ITConfig (referred from tim.o).
YT32B1_STM32F103_demo.axf: Error: L6218E: Undefined symbol TIM_TimeBaseInit (referred from tim.o).
YT32B1_STM32F103_demo.axf: Not enough information to list image symbols.
YT32B1_STM32F103_demo.axf: Finished: 1 information, 0 warning and 5 error messages.
Target not created
Build target 'Target 1'
compiling main.c...
linking...
YT32B1_STM32F103_demo.axf: Error: L6218E: Undefined symbol TIM_ClearITPendingBit (referred from tim.o).
YT32B1_STM32F103_demo.axf: Error: L6218E: Undefined symbol TIM_Cmd (referred from tim.o).
YT32B1_STM32F103_demo.axf: Error: L6218E: Undefined symbol TIM_GetITStatus (referred from tim.o).
YT32B1_STM32F103_demo.axf: Error: L6218E: Undefined symbol TIM_ITConfig (referred from tim.o).
YT32B1_STM32F103_demo.axf: Error: L6218E: Undefined symbol TIM_TimeBaseInit (referred from tim.o).
YT32B1_STM32F103_demo.axf: Not enough information to list image symbols.
YT32B1_STM32F103_demo.axf: Finished: 1 information, 0 warning and 5 error messages.
Target not created
Build target 'Target 1'
linking...
Program Size: Code=15022 RO-data=3470 RW-data=48 ZI-data=2032  
FromELF: creating hex file...
"YT32B1_STM32F103_demo.axf" - 0 Error(s), 0 Warning(s).
Build target 'Target 1'
compiling main.c...
linking...
Program Size: Code=15018 RO-data=3470 RW-data=48 ZI-data=2032  
FromELF: creating hex file...
"YT32B1_STM32F103_demo.axf" - 0 Error(s), 0 Warning(s).
Build target 'Target 1'
compiling main.c...
linking...
Program Size: Code=15022 RO-data=3470 RW-data=48 ZI-data=2032  
FromELF: creating hex file...
"YT32B1_STM32F103_demo.axf" - 0 Error(s), 0 Warning(s).
Build target 'Target 1'
compiling main.c...
linking...
Program Size: Code=15030 RO-data=3470 RW-data=48 ZI-data=2032  
FromELF: creating hex file...
"YT32B1_STM32F103_demo.axf" - 0 Error(s), 0 Warning(s).
Build target 'Target 1'
compiling main.c...
linking...
Program Size: Code=15026 RO-data=3470 RW-data=48 ZI-data=2032  
FromELF: creating hex file...
"YT32B1_STM32F103_demo.axf" - 0 Error(s), 0 Warning(s).
Build target 'Target 1'
compiling main.c...
linking...
Program Size: Code=15030 RO-data=3470 RW-data=48 ZI-data=2032  
FromELF: creating hex file...
"YT32B1_STM32F103_demo.axf" - 0 Error(s), 0 Warning(s).
Build target 'Target 1'
compiling main.c...
linking...
Program Size: Code=15026 RO-data=3470 RW-data=48 ZI-data=2032  
FromELF: creating hex file...
"YT32B1_STM32F103_demo.axf" - 0 Error(s), 0 Warning(s).
Build target 'Target 1'
compiling main.c...
linking...
Program Size: Code=15022 RO-data=3470 RW-data=48 ZI-data=2032  
FromELF: creating hex file...
"YT32B1_STM32F103_demo.axf" - 0 Error(s), 0 Warning(s).
Build target 'Target 1'
compiling main.c...
linking...
Program Size: Code=15102 RO-data=3470 RW-data=48 ZI-data=2032  
FromELF: creating hex file...
"YT32B1_STM32F103_demo.axf" - 0 Error(s), 0 Warning(s).
Build target 'Target 1'
compiling main.c...
linking...
Program Size: Code=15110 RO-data=3470 RW-data=48 ZI-data=2032  
FromELF: creating hex file...
"YT32B1_STM32F103_demo.axf" - 0 Error(s), 0 Warning(s).
