<html>
<body>
<pre>
<h1>礦ision Build Log</h1>
<h2>Project:</h2>
D:\Text file\STM 32  text\14 I2C总线通信 温度lm75a\YT32B1_STM32F103_demo.uvproj
Project File Date:  11/09/2018

<h2>Output:</h2>
Build target 'Target 1'
compiling i2c.c...
compiling lm75a.c...
Hardware\LM75A\lm75a.h(15): warning:  #1-D: last line of file ends without a newline
   
Hardware\LM75A\lm75a.c: 1 warning, 0 errors
linking...
Program Size: Code=16072 RO-data=808 RW-data=56 ZI-data=1832  
FromELF: creating hex file...
".\YT32B1_STM32F103_demo.axf" - 0 Error(s), 1 Warning(s).
</pre>
</body>
</html>
ing main.c...
.\Hardware\LM75A\lm75a.h(15): warning:  #1-D: last line of file ends without a newline
   
User\main.c(45): warning:  #225-D: the format string ends before this argument
                printf("   \r\n",buffer);       
User\main.c(26): warning:  #177-D: variable "c" was declared but never referenced
        u8 c=0x01;
User\main.c: 3 warnings, 0 errors
compiling stm32f10x_it.c...
compiling delay.c...
compiling sys.c...
compiling flash.c...
compiling usart.c...
compiling rtc.c...
compiling i2c.c...
compiling led.c...
compiling key.c...
compiling buzzer.c...
compiling touch_key.c...
compiling TM1640.c...
compiling encoder.c...
compiling lm75a.c...
Hardware\LM75A\lm75a.h(15): warning:  #1-D: last line of file ends without a newline
   
Hardware\LM75A\lm75a.c: 1 warning, 0 errors
linking...
Program Size: Code=16072 RO-data=808 RW-data=56 ZI-data=1832  
FromELF: creating hex file...
".\YT32B1_STM32F103_demo.axf" - 0 Error(s), 4 Warning(s).
