Product: MDK-ARM Professional 5.10
Component: ARM Compiler 5.04 update 1 (build 49)
Tool: armlink [5040049]

==============================================================================

Section Cross References

    system_stm32f10x.o(.text) refers to system_stm32f10x.o(.data) for SystemCoreClock
    stm32f10x_gpio.o(.text) refers to stm32f10x_rcc.o(.text) for RCC_APB2PeriphResetCmd
    stm32f10x_rcc.o(.text) refers to stm32f10x_rcc.o(.data) for APBAHBPrescTable
    stm32f10x_usart.o(.text) refers to stm32f10x_rcc.o(.text) for RCC_APB2PeriphResetCmd
    stm32f10x_pwr.o(.text) refers to stm32f10x_rcc.o(.text) for RCC_APB1PeriphResetCmd
    stm32f10x_i2c.o(.text) refers to stm32f10x_rcc.o(.text) for RCC_APB1PeriphResetCmd
    stm32f10x_tim.o(.text) refers to stm32f10x_rcc.o(.text) for RCC_APB2PeriphResetCmd
    startup_stm32f10x_md.o(STACK) refers (Special) to heapauxi.o(.text) for __use_two_region_memory
    startup_stm32f10x_md.o(HEAP) refers (Special) to heapauxi.o(.text) for __use_two_region_memory
    startup_stm32f10x_md.o(RESET) refers (Special) to heapauxi.o(.text) for __use_two_region_memory
    startup_stm32f10x_md.o(RESET) refers to startup_stm32f10x_md.o(STACK) for __initial_sp
    startup_stm32f10x_md.o(RESET) refers to startup_stm32f10x_md.o(.text) for Reset_Handler
    startup_stm32f10x_md.o(RESET) refers to stm32f10x_it.o(.text) for NMI_Handler
    startup_stm32f10x_md.o(RESET) refers to tim.o(.text) for TIM3_IRQHandler
    startup_stm32f10x_md.o(RESET) refers to usart.o(.text) for USART1_IRQHandler
    startup_stm32f10x_md.o(.text) refers (Special) to heapauxi.o(.text) for __use_two_region_memory
    startup_stm32f10x_md.o(.text) refers to system_stm32f10x.o(.text) for SystemInit
    startup_stm32f10x_md.o(.text) refers to __main.o(!!!main) for __main
    startup_stm32f10x_md.o(.text) refers to startup_stm32f10x_md.o(HEAP) for Heap_Mem
    startup_stm32f10x_md.o(.text) refers to startup_stm32f10x_md.o(STACK) for Stack_Mem
    main.o(.text) refers to _printf_percent.o(.ARM.Collect$$_printf_percent$$00000000) for _printf_percent
    main.o(.text) refers to _printf_d.o(.ARM.Collect$$_printf_percent$$00000009) for _printf_d
    main.o(.text) refers to _printf_dec.o(.text) for _printf_int_dec
    main.o(.text) refers to faddsub_clz.o(x$fpl$fsub) for __aeabi_fsub
    main.o(.text) refers to fmul.o(x$fpl$fmul) for __aeabi_fmul
    main.o(.text) refers to faddsub_clz.o(x$fpl$frsb) for __aeabi_frsub
    main.o(.text) refers to faddsub_clz.o(x$fpl$fadd) for __aeabi_fadd
    main.o(.text) refers to delay.o(.text) for delay_ms
    main.o(.text) refers to sys.o(.text) for RCC_Configuration
    main.o(.text) refers to led.o(.text) for LED_Init
    main.o(.text) refers to i2c.o(.text) for I2C_Configuration
    main.o(.text) refers to mpu6050.o(.text) for MPU6050_Init
    main.o(.text) refers to usart.o(.text) for USART1_Init
    main.o(.text) refers to tim.o(.text) for TIM3_Init
    main.o(.text) refers to fflt_clz.o(x$fpl$fflt) for __aeabi_i2f
    main.o(.text) refers to ffix.o(x$fpl$ffix) for __aeabi_f2iz
    main.o(.text) refers to __2printf.o(.text) for __2printf
    main.o(.text) refers to main.o(.data) for SetAngle
    sys.o(.text) refers to misc.o(.text) for NVIC_PriorityGroupConfig
    sys.o(.text) refers to stm32f10x_rcc.o(.text) for RCC_DeInit
    sys.o(.text) refers to stm32f10x_flash.o(.text) for FLASH_SetLatency
    tim.o(.text) refers to misc.o(.text) for NVIC_Init
    tim.o(.text) refers to stm32f10x_rcc.o(.text) for RCC_APB1PeriphClockCmd
    tim.o(.text) refers to stm32f10x_tim.o(.text) for TIM_TimeBaseInit
    tim.o(.text) refers to stm32f10x_gpio.o(.text) for GPIO_ReadOutputDataBit
    tim.o(.text) refers to tim.o(.data) for pwms01
    usart.o(.text) refers (Special) to use_no_semi_2.o(.text) for __use_no_semihosting
    usart.o(.text) refers to _printf_percent.o(.ARM.Collect$$_printf_percent$$00000000) for _printf_percent
    usart.o(.text) refers to _printf_c.o(.ARM.Collect$$_printf_percent$$00000013) for _printf_c
    usart.o(.text) refers to _printf_str.o(.text) for _printf_str
    usart.o(.text) refers to c89vsnprintf.o(.text) for __c89vsnprintf
    usart.o(.text) refers to stm32f10x_usart.o(.text) for USART_SendData
    usart.o(.text) refers to strlen.o(.text) for strlen
    usart.o(.text) refers to stm32f10x_rcc.o(.text) for RCC_APB2PeriphClockCmd
    usart.o(.text) refers to stm32f10x_gpio.o(.text) for GPIO_Init
    usart.o(.text) refers to misc.o(.text) for NVIC_Init
    usart.o(.text) refers to __2printf.o(.text) for __2printf
    usart.o(.text) refers to usart.o(.data) for USART1_RX_STA
    usart.o(.text) refers to usart.o(.bss) for USART1_RX_BUF
    usart.o(.bss) refers (Special) to use_no_semi_2.o(.text) for __use_no_semihosting
    usart.o(.data) refers (Special) to use_no_semi_2.o(.text) for __use_no_semihosting
    i2c.o(.text) refers to stm32f10x_rcc.o(.text) for RCC_APB2PeriphClockCmd
    i2c.o(.text) refers to stm32f10x_gpio.o(.text) for GPIO_Init
[...]
    .ARM.Collect$$rtexit$$00000000           0x08000226   Section        2  rtexit.o(.ARM.Collect$$rtexit$$00000000)
    .ARM.Collect$$rtexit$$00000002           0x08000228   Section        0  rtexit2.o(.ARM.Collect$$rtexit$$00000002)
    .ARM.Collect$$rtexit$$00000003           0x08000228   Section        4  rtexit2.o(.ARM.Collect$$rtexit$$00000003)
    .ARM.Collect$$rtexit$$00000004           0x0800022c   Section        6  rtexit2.o(.ARM.Collect$$rtexit$$00000004)
    .text                                    0x08000234   Section        0  system_stm32f10x.o(.text)
    SetSysClockTo72                          0x08000235   Thumb Code   214  system_stm32f10x.o(.text)
    SetSysClock                              0x0800030b   Thumb Code     8  system_stm32f10x.o(.text)
    .text                                    0x08000414   Section        0  misc.o(.text)
    .text                                    0x080004f0   Section        0  stm32f10x_gpio.o(.text)
    .text                                    0x0800084c   Section        0  stm32f10x_rcc.o(.text)
    .text                                    0x08000bf0   Section        0  stm32f10x_usart.o(.text)
    .text                                    0x08000ff8   Section        0  stm32f10x_i2c.o(.text)
    .text                                    0x080013fc   Section        0  stm32f10x_flash.o(.text)
    .text                                    0x080019b8   Section        0  stm32f10x_tim.o(.text)
    TI4_Config                               0x08001e5f   Thumb Code   130  stm32f10x_tim.o(.text)
    TI3_Config                               0x08001ef3   Thumb Code   122  stm32f10x_tim.o(.text)
    TI2_Config                               0x08001f87   Thumb Code   130  stm32f10x_tim.o(.text)
    TI1_Config                               0x0800201b   Thumb Code   108  stm32f10x_tim.o(.text)
    .text                                    0x080027d4   Section       64  startup_stm32f10x_md.o(.text)
    .text                                    0x08002814   Section        0  main.o(.text)
    .text                                    0x08002978   Section        0  stm32f10x_it.o(.text)
    .text                                    0x08002992   Section        0  delay.o(.text)
    .text                                    0x080029f4   Section        0  sys.o(.text)
    .text                                    0x08002a64   Section        0  tim.o(.text)
    .text                                    0x08002bb8   Section        0  usart.o(.text)
    .text                                    0x08002e88   Section        0  i2c.o(.text)
    .text                                    0x08003188   Section        0  led.o(.text)
    .text                                    0x080031b4   Section        0  mpu6050.o(.text)
    .text                                    0x08003252   Section        2  use_no_semi_2.o(.text)
    .text                                    0x08003254   Section        0  c89vsnprintf.o(.text)
    .text                                    0x08003288   Section        0  __2printf.o(.text)
    .text                                    0x080032a0   Section        0  _printf_str.o(.text)
    .text                                    0x080032f4   Section        0  _printf_dec.o(.text)
    .text                                    0x08003368   Section        0  __printf_flags_ss_wp.o(.text)
    .text                                    0x080034f0   Section        0  strlen.o(.text)
    .text                                    0x0800352e   Section        0  heapauxi.o(.text)
    .text                                    0x08003534   Section        2  use_no_semi.o(.text)
    .text                                    0x08003536   Section        0  _printf_pad.o(.text)
    .text                                    0x08003584   Section        0  _printf_truncate.o(.text)
    .text                                    0x080035a8   Section        0  _printf_intcommon.o(.text)
    .text                                    0x0800365a   Section        0  _printf_charcount.o(.text)
    .text                                    0x08003684   Section        0  _printf_char_common.o(.text)
    _printf_input_char                       0x08003685   Thumb Code    10  _printf_char_common.o(.text)
    .text                                    0x080036b4   Section        0  _sputc.o(.text)
    .text                                    0x080036be   Section        0  _snputc.o(.text)
    .text                                    0x080036ce   Section        0  _printf_char.o(.text)
    .text                                    0x080036fc   Section        0  _printf_char_file.o(.text)
    .text                                    0x08003720   Section        0  _printf_wctomb.o(.text)
    .text                                    0x080037dc   Section        0  _printf_longlong_dec.o(.text)
    .text                                    0x08003854   Section        0  _printf_oct_int_ll.o(.text)
    _printf_longlong_oct_internal            0x08003855   Thumb Code     0  _printf_oct_int_ll.o(.text)
    .text                                    0x080038c4   Section        0  _printf_hex_int_ll_ptr.o(.text)
    _printf_hex_common                       0x080038c5   Thumb Code     0  _printf_hex_int_ll_ptr.o(.text)
    .text                                    0x08003958   Section      138  lludiv10.o(.text)
    .text                                    0x080039e2   Section        0  _printf_fp_dec.o(.text)
    _fp_digits                               0x080039e5   Thumb Code   428  _printf_fp_dec.o(.text)
    .text                                    0x08003df8   Section        0  _printf_wchar.o(.text)
    .text                                    0x08003e24   Section        0  ferror.o(.text)
    .text                                    0x08003e2c   Section        0  _wcrtomb.o(.text)
    .text                                    0x08003e6c   Section       74  sys_stackheap_outer.o(.text)
    .text                                    0x08003eb8   Section       16  rt_ctype_table.o(.text)
    .text                                    0x08003ec8   Section        8  rt_locale_intlibspace.o(.text)
    .text                                    0x08003ed0   Section        0  _printf_fp_infnan.o(.text)
    .text                                    0x08003f50   Section        0  bigflt0.o(.text)
    .text                                    0x08004028   Section        0  exit.o(.text)
    .text                                    0x08004034   Section        8  libspace.o(.text)
    .text                                    0x0800403c   Section      128  strcmpv7m.o(.text)
    CL$$btod_d2e                             0x080040bc   Section       62  btod.o(CL$$btod_d2e)
    CL$$btod_d2e_denorm_low                  0x080040fa   Section       70  btod.o(CL$$btod_d2e_denorm_low)
    CL$$btod_d2e_norm_op1                    0x08004140   Section       96  btod.o(CL$$btod_d2e_norm_op1)
    CL$$btod_div_common                      0x080041a0   Section      824  btod.o(CL$$btod_div_common)
    CL$$btod_e2e                             0x080044d8   Section      198  btod.o(CL$$btod_e2e)
    CL$$btod_ediv                            0x0800459e   Section       40  btod.o(CL$$btod_ediv)
    CL$$btod_emul                            0x080045c6   Section       40  btod.o(CL$$btod_emul)
    CL$$btod_mult_common                     0x080045ee   Section      580  btod.o(CL$$btod_mult_common)
    i.__ARM_fpclassify                       0x08004832   Section        0  fpclassify.o(i.__ARM_fpclassify)
    i._is_digit                              0x0800485a   Section        0  __printf_wp.o(i._is_digit)
    locale$$code                             0x08004868   Section       44  lc_numeric_c.o(locale$$code)
    locale$$code                             0x08004894   Section       44  lc_ctype_c.o(locale$$code)
    x$fpl$fadd                               0x080048c0   Section      196  faddsub_clz.o(x$fpl$fadd)
    _fadd1                                   0x080048cf   Thumb Code     0  faddsub_clz.o(x$fpl$fadd)
    x$fpl$ffix                               0x08004984   Section       54  ffix.o(x$fpl$ffix)
    x$fpl$fflt                               0x080049bc   Section       48  fflt_clz.o(x$fpl$fflt)
    x$fpl$fmul                               0x080049ec   Section      258  fmul.o(x$fpl$fmul)
    x$fpl$fnaninf                            0x08004aee   Section      140  fnaninf.o(x$fpl$fnaninf)
    x$fpl$fretinf                            0x08004b7a   Section       10  fretinf.o(x$fpl$fretinf)
    x$fpl$frsb                               0x08004b84   Section       20  faddsub_clz.o(x$fpl$frsb)
    x$fpl$fsub                               0x08004b98   Section      234  faddsub_clz.o(x$fpl$fsub)
    _fsub1                                   0x08004ba7   Thumb Code     0  faddsub_clz.o(x$fpl$fsub)
    x$fpl$printf1                            0x08004c82   Section        4  printf1.o(x$fpl$printf1)
    .constdata                               0x08004c86   Section       17  __printf_flags_ss_wp.o(.constdata)
    x$fpl$usenofp                            0x08004c86   Section        0  usenofp.o(x$fpl$usenofp)
    maptable                                 0x08004c86   Data          17  __printf_flags_ss_wp.o(.constdata)
    .constdata                               0x08004c98   Section        8  _printf_wctomb.o(.constdata)
    initial_mbstate                          0x08004c98   Data           8  _printf_wctomb.o(.constdata)
    .constdata                               0x08004ca0   Section       40  _printf_hex_int_ll_ptr.o(.constdata)
    uc_hextab                                0x08004ca0   Data          20  _printf_hex_int_ll_ptr.o(.constdata)
    lc_hextab                                0x08004cb4   Data          20  _printf_hex_int_ll_ptr.o(.constdata)
    .constdata                               0x08004cc8   Section      148  bigflt0.o(.constdata)
    tenpwrs_x                                0x08004cc8   Data          60  bigflt0.o(.constdata)
    tenpwrs_i                                0x08004d04   Data          64  bigflt0.o(.constdata)
    locale$$data                             0x08004d7c   Section       28  lc_numeric_c.o(locale$$data)
    __lcnum_c_name                           0x08004d80   Data           2  lc_numeric_c.o(locale$$data)
    __lcnum_c_start                          0x08004d88   Data           0  lc_numeric_c.o(locale$$data)
    __lcnum_c_point                          0x08004d94   Data           0  lc_numeric_c.o(locale$$data)
    __lcnum_c_thousands                      0x08004d96   Data           0  lc_numeric_c.o(locale$$data)
    __lcnum_c_grouping                       0x08004d97   Data           0  lc_numeric_c.o(locale$$data)
    locale$$data                             0x08004d98   Section      272  lc_ctype_c.o(locale$$data)
    __lcnum_c_end                            0x08004d98   Data           0  lc_numeric_c.o(locale$$data)
    __lcctype_c_name                         0x08004d9c   Data           2  lc_ctype_c.o(locale$$data)
    __lcctype_c_start                        0x08004da4   Data           0  lc_ctype_c.o(locale$$data)
    __lcctype_c_end                          0x08004ea8   Data           0  lc_ctype_c.o(locale$$data)
    .data                                    0x20000000   Section       20  system_stm32f10x.o(.data)
    .data                                    0x20000014   Section       20  stm32f10x_rcc.o(.data)
    APBAHBPrescTable                         0x20000014   Data          16  stm32f10x_rcc.o(.data)
    ADCPrescTable                            0x20000024   Data           4  stm32f10x_rcc.o(.data)
    .data                                    0x20000028   Section       46  main.o(.data)
    .data                                    0x20000056   Section        4  tim.o(.data)
    .data                                    0x2000005c   Section        8  usart.o(.data)
    .bss                                     0x20000064   Section      400  usart.o(.bss)
    .bss                                     0x200001f4   Section       96  libspace.o(.bss)
    HEAP                                     0x20000258   Section      512  startup_stm32f10x_md.o(HEAP)
    Heap_Mem                                 0x20000258   Data         512  startup_stm32f10x_md.o(HEAP)
    STACK                                    0x20000458   Section     1024  startup_stm32f10x_md.o(STACK)
    Stack_Mem                                0x20000458   Data        1024  startup_stm32f10x_md.o(STACK)
    __initial_sp                             0x20000858   Data           0  startup_stm32f10x_md.o(STACK)

    Global Symbols

    Symbol Name                              Value     Ov Type        Size  Object(Section)

    BuildAttributes$$THM_ISAv4$P$D$K$B$S$PE$A:L22UL41UL21$X:L11$S22US41US21$IEEE1$IW$USESV6$~STKCKD$USESV7$~SHL$OTIME$ROPI$IEEEJ$EBA8$UX$STANDARDLIB$REQ8$PRES8$EABIv2 0x00000000   Number         0  anon$$obj.o ABSOLUTE
    __ARM_use_no_argv                        0x00000000   Number         0  main.o ABSOLUTE
    _printf_flags                            0x00000000   Number         0  printf_stubs.o ABSOLUTE
    _printf_return_value                     0x00000000   Number         0  printf_stubs.o ABSOLUTE
    _printf_sizespec                         0x00000000   Number         0  printf_stubs.o ABSOLUTE
    _printf_widthprec                        0x00000000   Number         0  printf_stubs.o ABSOLUTE
    __ARM_exceptions_init                     - Undefined Weak Reference
    __alloca_initialize                       - Undefined Weak Reference
    __cpp_initialize__aeabi_                  - Undefined Weak Reference
    __cxa_finalize                            - Undefined Weak Reference
    __sigvec_lookup                           - Undefined Weak Reference
    _atexit_init                              - Undefined Weak Reference
    _call_atexit_fns                          - Undefined Weak Reference
    _clock_init                               - Undefined Weak Reference
    _fp_trap_init                             - Undefined Weak Reference
    _fp_trap_shutdown                         - Undefined Weak Reference
    _get_lc_collate                           - Undefined Weak Reference
    _get_lc_monetary                          - Undefined Weak Reference
    _get_lc_time                              - Undefined Weak Reference
    _getenv_init                              - Undefined Weak Reference
    _handle_redirection                       - Undefined Weak Reference
    _init_alloc                               - Undefined Weak Reference
    _init_user_alloc                          - Undefined Weak Reference
    _initio                                   - Undefined Weak Reference
    _mutex_acquire                            - Undefined Weak Reference
    _mutex_release                            - Undefined Weak Reference
    _printf_fp_hex                            - Undefined Weak Reference
    _printf_mbtowc                            - Undefined Weak Reference
    _printf_wc                                - Undefined Weak Reference
    _rand_init                                - Undefined Weak Reference
    _signal_finish                            - Undefined Weak Reference
    _signal_init                              - Undefined Weak Reference
    _terminate_alloc                          - Undefined Weak Reference
    _terminate_user_alloc                     - Undefined Weak Reference
    _terminateio                              - Undefined Weak Reference
    __Vectors_Size                           0x000000ec   Number         0  startup_stm32f10x_md.o ABSOLUTE
    __Vectors                                0x08000000   Data           4  startup_stm32f10x_md.o(RESET)
    __Vectors_End                            0x080000ec   Data           0  startup_stm32f10x_md.o(RESET)
    __main                                   0x080000ed   Thumb Code     8  __main.o(!!!main)
    __scatterload                            0x080000f5   Thumb Code     0  __scatter.o(!!!scatter)
    __scatterload_rt2                        0x080000f5   Thumb Code    44  __scatter.o(!!!scatter)
    __scatterload_rt2_thumb_only             0x080000f5   Thumb Code     0  __scatter.o(!!!scatter)
    __scatterload_null                       0x08000103   Thumb Code     0  __scatter.o(!!!scatter)
    __scatterload_copy                       0x08000129   Thumb Code    26  __scatter_copy.o(!!handler_copy)
    __scatterload_zeroinit                   0x08000145   Thumb Code    28  __scatter_zi.o(!!handler_zi)
    _printf_n                                0x08000161   Thumb Code     0  _printf_n.o(.ARM.Collect$$_printf_percent$$00000001)
    _printf_percent                          0x08000161   Thumb Code     0  _printf_percent.o(.ARM.Collect$$_printf_percent$$00000000)
    _printf_p                                0x08000167   Thumb Code     0  _printf_p.o(.ARM.Collect$$_printf_percent$$00000002)
    _printf_f                                0x0800016d   Thumb Code     0  _printf_f.o(.ARM.Collect$$_printf_percent$$00000003)
    _printf_e                                0x08000173   Thumb Code     0  _printf_e.o(.ARM.Collect$$_printf_percent$$00000004)
    _printf_g                                0x08000179   Thumb Code     0  _printf_g.o(.ARM.Collect$$_printf_percent$$00000005)
    _printf_a                                0x0800017f   Thumb Code     0  _printf_a.o(.ARM.Collect$$_printf_percent$$00000006)
    _printf_ll                               0x08000185   Thumb Code     0  _printf_ll.o(.ARM.Collect$$_printf_percent$$00000007)
    _printf_i                                0x0800018f   Thumb Code     0  _printf_i.o(.ARM.Collect$$_printf_percent$$00000008)
    _printf_d                                0x08000195   Thumb Code     0  _printf_d.o(.ARM.Collect$$_printf_percent$$00000009)
    _printf_u                                0x0800019b   Thumb Code     0  _printf_u.o(.ARM.Collect$$_printf_percent$$0000000A)
    _printf_o                                0x080001a1   Thumb Code     0  _printf_o.o(.ARM.Collect$$_printf_percent$$0000000B)
    _printf_x                                0x080001a7   Thumb Code     0  _printf_x.o(.ARM.Collect$$_printf_percent$$0000000C)
    _printf_lli                              0x080001ad   Thumb Code     0  _printf_lli.o(.ARM.Collect$$_printf_percent$$0000000D)
    _printf_lld                              0x080001b3   Thumb Code     0  _printf_lld.o(.ARM.Collect$$_printf_percent$$0000000E)
    _printf_llu                              0x080001b9   Thumb Code     0  _printf_llu.o(.ARM.Collect$$_printf_percent$$0000000F)
    _printf_llo                              0x080001bf   Thumb Code     0  _printf_llo.o(.ARM.Collect$$_printf_percent$$00000010)
    _printf_llx                              0x080001c5   Thumb Code     0  _printf_llx.o(.ARM.Collect$$_printf_percent$$00000011)
    _printf_l                                0x080001cb   Thumb Code     0  _printf_l.o(.ARM.Collect$$_printf_percent$$00000012)
    _printf_c                                0x080001d5   Thumb Code     0  _printf_c.o(.ARM.Collect$$_printf_percent$$00000013)
    _printf_s                                0x080001db   Thumb Code     0  _printf_s.o(.ARM.Collect$$_printf_percent$$00000014)
    _printf_lc                               0x080001e1   Thumb Code     0  _printf_lc.o(.ARM.Collect$$_printf_percent$$00000015)
    _printf_ls                               0x080001e7   Thumb Code     0  _printf_ls.o(.ARM.Collect$$_printf_percent$$00000016)
    _printf_percent_end                      0x080001ed   Thumb Code     0  _printf_percent_end.o(.ARM.Collect$$_printf_percent$$00000017)
    __rt_lib_init                            0x080001f1   Thumb Code     0  libinit.o(.ARM.Collect$$libinit$$00000000)
    __rt_lib_init_fp_1                       0x080001f3   Thumb Code     0  libinit2.o(.ARM.Collect$$libinit$$00000002)
    __rt_lib_init_heap_1                     0x080001f3   Thumb Code     0  libinit2.o(.ARM.Collect$$libinit$$00000008)
    __rt_lib_init_lc_common                  0x080001f3   Thumb Code     0  libinit2.o(.ARM.Collect$$libinit$$0000000D)
    __rt_lib_init_rand_1                     0x080001f3   Thumb Code     0  libinit2.o(.ARM.Collect$$libinit$$0000000C)
    __rt_lib_init_user_alloc_1               0x080001f3   Thumb Code     0  libinit2.o(.ARM.Collect$$libinit$$0000000A)
    __rt_lib_init_lc_collate_1               0x080001f9   Thumb Code     0  libinit2.o(.ARM.Collect$$libinit$$0000000F)
    __rt_lib_init_lc_ctype_2                 0x080001f9   Thumb Code     0  libinit2.o(.ARM.Collect$$libinit$$00000010)
    __rt_lib_init_lc_ctype_1                 0x08000205   Thumb Code     0  libinit2.o(.ARM.Collect$$libinit$$00000011)
    __rt_lib_init_lc_monetary_1              0x08000205   Thumb Code     0  libinit2.o(.ARM.Collect$$libinit$$00000013)
    __rt_lib_init_lc_numeric_2               0x08000205   Thumb Code     0  libinit2.o(.ARM.Collect$$libinit$$00000014)
    __rt_lib_init_alloca_1                   0x0800020f   Thumb Code     0  libinit2.o(.ARM.Collect$$libinit$$0000002C)
    __rt_lib_init_argv_1                     0x0800020f   Thumb Code     0  libinit2.o(.ARM.Collect$$libinit$$0000002A)
    __rt_lib_init_atexit_1                   0x0800020f   Thumb Code     0  libinit2.o(.ARM.Collect$$libinit$$00000019)
    __rt_lib_init_clock_1                    0x0800020f   Thumb Code     0  libinit2.o(.ARM.Collect$$libinit$$0000001F)
    __rt_lib_init_cpp_1                      0x0800020f   Thumb Code     0  libinit2.o(.ARM.Collect$$libinit$$00000030)
    __rt_lib_init_exceptions_1               0x0800020f   Thumb Code     0  libinit2.o(.ARM.Collect$$libinit$$0000002E)
    __rt_lib_init_fp_trap_1                  0x0800020f   Thumb Code     0  libinit2.o(.ARM.Collect$$libinit$$0000001D)
    __rt_lib_init_getenv_1                   0x0800020f   Thumb Code     0  libinit2.o(.ARM.Collect$$libinit$$00000021)
    __rt_lib_init_lc_numeric_1               0x0800020f   Thumb Code     0  libinit2.o(.ARM.Collect$$libinit$$00000015)
    __rt_lib_init_lc_time_1                  0x0800020f   Thumb Code     0  libinit2.o(.ARM.Collect$$libinit$$00000017)
    __rt_lib_init_return                     0x0800020f   Thumb Code     0  libinit2.o(.ARM.Collect$$libinit$$00000031)
    __rt_lib_init_signal_1                   0x0800020f   Thumb Code     0  libinit2.o(.ARM.Collect$$libinit$$0000001B)
    __rt_lib_init_stdio_1                    0x0800020f   Thumb Code     0  libinit2.o(.ARM.Collect$$libinit$$00000023)
    __rt_lib_shutdown                        0x08000211   Thumb Code     0  libshutdown.o(.ARM.Collect$$libshutdown$$00000000)
    __rt_lib_shutdown_fp_trap_1              0x08000213   Thumb Code     0  libshutdown2.o(.ARM.Collect$$libshutdown$$00000006)
    __rt_lib_shutdown_heap_1                 0x08000213   Thumb Code     0  libshutdown2.o(.ARM.Collect$$libshutdown$$0000000E)
    __rt_lib_shutdown_return                 0x08000213   Thumb Code     0  libshutdown2.o(.ARM.Collect$$libshutdown$$0000000F)
    __rt_lib_shutdown_signal_1               0x08000213   Thumb Code     0  libshutdown2.o(.ARM.Collect$$libshutdown$$00000009)
    __rt_lib_shutdown_stdio_1                0x08000213   Thumb Code     0  libshutdown2.o(.ARM.Collect$$libshutdown$$00000003)
    __rt_lib_shutdown_user_alloc_1           0x08000213   Thumb Code     0  libshutdown2.o(.ARM.Collect$$libshutdown$$0000000B)
    __rt_entry                               0x08000215   Thumb Code     0  rtentry.o(.ARM.Collect$$rtentry$$00000000)
    __rt_entry_presh_1                       0x08000215   Thumb Code     0  rtentry2.o(.ARM.Collect$$rtentry$$00000002)
    __rt_entry_sh                            0x08000215   Thumb Code     0  rtentry4.o(.ARM.Collect$$rtentry$$00000004)
    __rt_entry_li                            0x0800021b   Thumb Code     0  rtentry2.o(.ARM.Collect$$rtentry$$0000000A)
    __rt_entry_postsh_1                      0x0800021b   Thumb Code     0  rtentry2.o(.ARM.Collect$$rtentry$$00000009)
    __rt_entry_main                          0x0800021f   Thumb Code     0  rtentry2.o(.ARM.Collect$$rtentry$$0000000D)
    __rt_entry_postli_1                      0x0800021f   Thumb Code     0  rtentry2.o(.ARM.Collect$$rtentry$$0000000C)
    __rt_exit                                0x08000227   Thumb Code     0  rtexit.o(.ARM.Collect$$rtexit$$00000000)
    __rt_exit_ls                             0x08000229   Thumb Code     0  rtexit2.o(.ARM.Collect$$rtexit$$00000003)
    __rt_exit_prels_1                        0x08000229   Thumb Code     0  rtexit2.o(.ARM.Collect$$rtexit$$00000002)
    __rt_exit_exit                           0x0800022d   Thumb Code     0  rtexit2.o(.ARM.Collect$$rtexit$$00000004)
    SystemInit                               0x08000313   Thumb Code    78  system_stm32f10x.o(.text)
    SystemCoreClockUpdate                    0x08000361   Thumb Code   142  system_stm32f10x.o(.text)
    NVIC_PriorityGroupConfig                 0x08000415   Thumb Code    10  misc.o(.text)
    NVIC_Init                                0x0800041f   Thumb Code   100  misc.o(.text)
    NVIC_SetVectorTable                      0x08000483   Thumb Code    14  misc.o(.text)
    NVIC_SystemLPConfig                      0x08000491   Thumb Code    34  misc.o(.text)
    SysTick_CLKSourceConfig                  0x080004b3   Thumb Code    40  misc.o(.text)
    GPIO_DeInit                              0x080004f1   Thumb Code   172  stm32f10x_gpio.o(.text)
    GPIO_AFIODeInit                          0x0800059d   Thumb Code    20  stm32f10x_gpio.o(.text)
    GPIO_Init                                0x080005b1   Thumb Code   278  stm32f10x_gpio.o(.text)
    GPIO_StructInit                          0x080006c7   Thumb Code    16  stm32f10x_gpio.o(.text)
    GPIO_ReadInputDataBit                    0x080006d7   Thumb Code    18  stm32f10x_gpio.o(.text)
    GPIO_ReadInputData                       0x080006e9   Thumb Code     8  stm32f10x_gpio.o(.text)
    GPIO_ReadOutputDataBit                   0x080006f1   Thumb Code    18  stm32f10x_gpio.o(.text)
    GPIO_ReadOutputData                      0x08000703   Thumb Code     8  stm32f10x_gpio.o(.text)
    GPIO_SetBits                             0x0800070b   Thumb Code     4  stm32f10x_gpio.o(.text)
    GPIO_ResetBits                           0x0800070f   Thumb Code     4  stm32f10x_gpio.o(.text)
    GPIO_WriteBit                            0x08000713   Thumb Code    10  stm32f10x_gpio.o(.text)
    GPIO_Write                               0x0800071d   Thumb Code     4  stm32f10x_gpio.o(.text)
    GPIO_PinLockConfig                       0x08000721   Thumb Code    18  stm32f10x_gpio.o(.text)
    GPIO_EventOutputConfig                   0x08000733   Thumb Code    26  stm32f10x_gpio.o(.text)
    GPIO_EventOutputCmd                      0x0800074d   Thumb Code     6  stm32f10x_gpio.o(.text)
    GPIO_PinRemapConfig                      0x08000753   Thumb Code   138  stm32f10x_gpio.o(.text)
    GPIO_EXTILineConfig                      0x080007dd   Thumb Code    66  stm32f10x_gpio.o(.text)
    GPIO_ETH_MediaInterfaceConfig            0x0800081f   Thumb Code     8  stm32f10x_gpio.o(.text)
    RCC_DeInit                               0x0800084d   Thumb Code    64  stm32f10x_rcc.o(.text)
    RCC_HSEConfig                            0x0800088d   Thumb Code    70  stm32f10x_rcc.o(.text)
    RCC_GetFlagStatus                        0x080008d3   Thumb Code    56  stm32f10x_rcc.o(.text)
    RCC_WaitForHSEStartUp                    0x0800090b   Thumb Code    56  stm32f10x_rcc.o(.text)
    RCC_AdjustHSICalibrationValue            0x08000943   Thumb Code    20  stm32f10x_rcc.o(.text)
    RCC_HSICmd                               0x08000957   Thumb Code     6  stm32f10x_rcc.o(.text)
    RCC_PLLConfig                            0x0800095d   Thumb Code    24  stm32f10x_rcc.o(.text)
    RCC_PLLCmd                               0x08000975   Thumb Code     6  stm32f10x_rcc.o(.text)
    RCC_SYSCLKConfig                         0x0800097b   Thumb Code    18  stm32f10x_rcc.o(.text)
    RCC_GetSYSCLKSource                      0x0800098d   Thumb Code    10  stm32f10x_rcc.o(.text)
    RCC_HCLKConfig                           0x08000997   Thumb Code    18  stm32f10x_rcc.o(.text)
    RCC_PCLK1Config                          0x080009a9   Thumb Code    18  stm32f10x_rcc.o(.text)
    RCC_PCLK2Config                          0x080009bb   Thumb Code    20  stm32f10x_rcc.o(.text)
    RCC_ITConfig                             0x080009cf   Thumb Code    26  stm32f10x_rcc.o(.text)
    RCC_USBCLKConfig                         0x080009e9   Thumb Code     8  stm32f10x_rcc.o(.text)
    RCC_ADCCLKConfig                         0x080009f1   Thumb Code    18  stm32f10x_rcc.o(.text)
    RCC_LSEConfig                            0x08000a03   Thumb Code    50  stm32f10x_rcc.o(.text)
    RCC_LSICmd                               0x08000a35   Thumb Code     6  stm32f10x_rcc.o(.text)
    RCC_RTCCLKConfig                         0x08000a3b   Thumb Code    12  stm32f10x_rcc.o(.text)
    RCC_RTCCLKCmd                            0x08000a47   Thumb Code     8  stm32f10x_rcc.o(.text)
    RCC_GetClocksFreq                        0x08000a4f   Thumb Code   192  stm32f10x_rcc.o(.text)
    RCC_AHBPeriphClockCmd                    0x08000b0f   Thumb Code    26  stm32f10x_rcc.o(.text)
    RCC_APB2PeriphClockCmd                   0x08000b29   Thumb Code    26  stm32f10x_rcc.o(.text)
    RCC_APB1PeriphClockCmd                   0x08000b43   Thumb Code    26  stm32f10x_rcc.o(.text)
    RCC_APB2PeriphResetCmd                   0x08000b5d   Thumb Code    26  stm32f10x_rcc.o(.text)
    RCC_APB1PeriphResetCmd                   0x08000b77   Thumb Code    26  stm32f10x_rcc.o(.text)
    RCC_BackupResetCmd                       0x08000b91   Thumb Code     8  stm32f10x_rcc.o(.text)
    RCC_ClockSecuritySystemCmd               0x08000b99   Thumb Code     6  stm32f10x_rcc.o(.text)
    RCC_MCOConfig                            0x08000b9f   Thumb Code     6  stm32f10x_rcc.o(.text)
    RCC_ClearFlag                            0x08000ba5   Thumb Code    14  stm32f10x_rcc.o(.text)
    RCC_GetITStatus                          0x08000bb3   Thumb Code    20  stm32f10x_rcc.o(.text)
    RCC_ClearITPendingBit                    0x08000bc7   Thumb Code     6  stm32f10x_rcc.o(.text)
    USART_DeInit                             0x08000bf1   Thumb Code   134  stm32f10x_usart.o(.text)
    USART_Init                               0x08000c77   Thumb Code   210  stm32f10x_usart.o(.text)
    USART_StructInit                         0x08000d49   Thumb Code    24  stm32f10x_usart.o(.text)
    USART_ClockInit                          0x08000d61   Thumb Code    34  stm32f10x_usart.o(.text)
    USART_ClockStructInit                    0x08000d83   Thumb Code    12  stm32f10x_usart.o(.text)
    USART_Cmd                                0x08000d8f   Thumb Code    24  stm32f10x_usart.o(.text)
    USART_ITConfig                           0x08000da7   Thumb Code    74  stm32f10x_usart.o(.text)
    USART_DMACmd                             0x08000df1   Thumb Code    18  stm32f10x_usart.o(.text)
    USART_SetAddress                         0x08000e03   Thumb Code    18  stm32f10x_usart.o(.text)
    USART_WakeUpConfig                       0x08000e15   Thumb Code    18  stm32f10x_usart.o(.text)
    USART_ReceiverWakeUpCmd                  0x08000e27   Thumb Code    24  stm32f10x_usart.o(.text)
    USART_LINBreakDetectLengthConfig         0x08000e3f   Thumb Code    18  stm32f10x_usart.o(.text)
    USART_LINCmd                             0x08000e51   Thumb Code    24  stm32f10x_usart.o(.text)
    USART_SendData                           0x08000e69   Thumb Code     8  stm32f10x_usart.o(.text)
    USART_ReceiveData                        0x08000e71   Thumb Code    10  stm32f10x_usart.o(.text)
    USART_SendBreak                          0x08000e7b   Thumb Code    10  stm32f10x_usart.o(.text)
    USART_SetGuardTime                       0x08000e85   Thumb Code    16  stm32f10x_usart.o(.text)
    USART_SetPrescaler                       0x08000e95   Thumb Code    16  stm32f10x_usart.o(.text)
    USART_SmartCardCmd                       0x08000ea5   Thumb Code    24  stm32f10x_usart.o(.text)
    USART_SmartCardNACKCmd                   0x08000ebd   Thumb Code    24  stm32f10x_usart.o(.text)
    USART_HalfDuplexCmd                      0x08000ed5   Thumb Code    24  stm32f10x_usart.o(.text)
    USART_OverSampling8Cmd                   0x08000eed   Thumb Code    22  stm32f10x_usart.o(.text)
    USART_OneBitMethodCmd                    0x08000f03   Thumb Code    24  stm32f10x_usart.o(.text)
    USART_IrDAConfig                         0x08000f1b   Thumb Code    18  stm32f10x_usart.o(.text)
    USART_IrDACmd                            0x08000f2d   Thumb Code    24  stm32f10x_usart.o(.text)
    USART_GetFlagStatus                      0x08000f45   Thumb Code    26  stm32f10x_usart.o(.text)
    USART_ClearFlag                          0x08000f5f   Thumb Code    18  stm32f10x_usart.o(.text)
    USART_GetITStatus                        0x08000f71   Thumb Code    84  stm32f10x_usart.o(.text)
    USART_ClearITPendingBit                  0x08000fc5   Thumb Code    52  stm32f10x_usart.o(.text)
    I2C_DeInit                               0x08000ff9   Thumb Code    50  stm32f10x_i2c.o(.text)
    I2C_Init                                 0x0800102b   Thumb Code   222  stm32f10x_i2c.o(.text)
    I2C_StructInit                           0x08001109   Thumb Code    30  stm32f10x_i2c.o(.text)
    I2C_Cmd                                  0x08001127   Thumb Code    24  stm32f10x_i2c.o(.text)
    I2C_DMACmd                               0x0800113f   Thumb Code    24  stm32f10x_i2c.o(.text)
    I2C_DMALastTransferCmd                   0x08001157   Thumb Code    24  stm32f10x_i2c.o(.text)
    I2C_GenerateSTART                        0x0800116f   Thumb Code    24  stm32f10x_i2c.o(.text)
    I2C_GenerateSTOP                         0x08001187   Thumb Code    24  stm32f10x_i2c.o(.text)
    I2C_AcknowledgeConfig                    0x0800119f   Thumb Code    24  stm32f10x_i2c.o(.text)
    I2C_OwnAddress2Config                    0x080011b7   Thumb Code    22  stm32f10x_i2c.o(.text)
    I2C_DualAddressCmd                       0x080011cd   Thumb Code    24  stm32f10x_i2c.o(.text)
    I2C_GeneralCallCmd                       0x080011e5   Thumb Code    24  stm32f10x_i2c.o(.text)
    I2C_ITConfig                             0x080011fd   Thumb Code    18  stm32f10x_i2c.o(.text)
    I2C_SendData                             0x0800120f   Thumb Code     4  stm32f10x_i2c.o(.text)
    I2C_ReceiveData                          0x08001213   Thumb Code     8  stm32f10x_i2c.o(.text)
    I2C_Send7bitAddress                      0x0800121b   Thumb Code    18  stm32f10x_i2c.o(.text)
    I2C_ReadRegister                         0x0800122d   Thumb Code    22  stm32f10x_i2c.o(.text)
    I2C_SoftwareResetCmd                     0x08001243   Thumb Code    22  stm32f10x_i2c.o(.text)
    I2C_NACKPositionConfig                   0x08001259   Thumb Code    28  stm32f10x_i2c.o(.text)
    I2C_SMBusAlertConfig                     0x08001275   Thumb Code    28  stm32f10x_i2c.o(.text)
    I2C_TransmitPEC                          0x08001291   Thumb Code    24  stm32f10x_i2c.o(.text)
    I2C_PECPositionConfig                    0x080012a9   Thumb Code    28  stm32f10x_i2c.o(.text)
    I2C_CalculatePEC                         0x080012c5   Thumb Code    24  stm32f10x_i2c.o(.text)
    I2C_GetPEC                               0x080012dd   Thumb Code     8  stm32f10x_i2c.o(.text)
    I2C_ARPCmd                               0x080012e5   Thumb Code    24  stm32f10x_i2c.o(.text)
    I2C_StretchClockCmd                      0x080012fd   Thumb Code    24  stm32f10x_i2c.o(.text)
    I2C_FastModeDutyCycleConfig              0x08001315   Thumb Code    28  stm32f10x_i2c.o(.text)
    I2C_CheckEvent                           0x08001331   Thumb Code    42  stm32f10x_i2c.o(.text)
    I2C_GetLastEvent                         0x0800135b   Thumb Code    26  stm32f10x_i2c.o(.text)
    I2C_GetFlagStatus                        0x08001375   Thumb Code    58  stm32f10x_i2c.o(.text)
    I2C_ClearFlag                            0x080013af   Thumb Code    12  stm32f10x_i2c.o(.text)
    I2C_GetITStatus                          0x080013bb   Thumb Code    54  stm32f10x_i2c.o(.text)
    I2C_ClearITPendingBit                    0x080013f1   Thumb Code    12  stm32f10x_i2c.o(.text)
    FLASH_SetLatency                         0x080013fd   Thumb Code    18  stm32f10x_flash.o(.text)
    FLASH_HalfCycleAccessCmd                 0x0800140f   Thumb Code    22  stm32f10x_flash.o(.text)
    FLASH_PrefetchBufferCmd                  0x08001425   Thumb Code    22  stm32f10x_flash.o(.text)
    FLASH_Unlock                             0x0800143b   Thumb Code    12  stm32f10x_flash.o(.text)
    FLASH_UnlockBank1                        0x08001447   Thumb Code    12  stm32f10x_flash.o(.text)
    FLASH_Lock                               0x08001453   Thumb Code    14  stm32f10x_flash.o(.text)
    FLASH_LockBank1                          0x08001461   Thumb Code    14  stm32f10x_flash.o(.text)
    FLASH_GetBank1Status                     0x0800146f   Thumb Code    48  stm32f10x_flash.o(.text)
    FLASH_WaitForLastOperation               0x0800149f   Thumb Code    38  stm32f10x_flash.o(.text)
    FLASH_ErasePage                          0x080014c5   Thumb Code    72  stm32f10x_flash.o(.text)
    FLASH_EraseAllPages                      0x0800150d   Thumb Code    68  stm32f10x_flash.o(.text)
    FLASH_WaitForLastBank1Operation          0x08001551   Thumb Code    38  stm32f10x_flash.o(.text)
    FLASH_EraseAllBank1Pages                 0x08001577   Thumb Code    68  stm32f10x_flash.o(.text)
    FLASH_GetReadOutProtectionStatus         0x080015bb   Thumb Code    20  stm32f10x_flash.o(.text)
    FLASH_EraseOptionBytes                   0x080015cf   Thumb Code   150  stm32f10x_flash.o(.text)
    FLASH_ProgramWord                        0x08001665   Thumb Code   102  stm32f10x_flash.o(.text)
    FLASH_ProgramHalfWord                    0x080016cb   Thumb Code    60  stm32f10x_flash.o(.text)
    FLASH_ProgramOptionByteData              0x08001707   Thumb Code    72  stm32f10x_flash.o(.text)
    FLASH_EnableWriteProtection              0x0800174f   Thumb Code   200  stm32f10x_flash.o(.text)
    FLASH_ReadOutProtection                  0x08001817   Thumb Code   156  stm32f10x_flash.o(.text)
    FLASH_UserOptionByteConfig               0x080018b3   Thumb Code    88  stm32f10x_flash.o(.text)
    FLASH_GetUserOptionByte                  0x0800190b   Thumb Code     8  stm32f10x_flash.o(.text)
    FLASH_GetWriteProtectionOptionByte       0x08001913   Thumb Code     6  stm32f10x_flash.o(.text)
    FLASH_GetPrefetchBufferStatus            0x08001919   Thumb Code    20  stm32f10x_flash.o(.text)
    FLASH_ITConfig                           0x0800192d   Thumb Code    26  stm32f10x_flash.o(.text)
    FLASH_GetFlagStatus                      0x08001947   Thumb Code    42  stm32f10x_flash.o(.text)
    FLASH_ClearFlag                          0x08001971   Thumb Code     6  stm32f10x_flash.o(.text)
    FLASH_GetStatus                          0x08001977   Thumb Code    48  stm32f10x_flash.o(.text)
    TIM_DeInit                               0x080019b9   Thumb Code   424  stm32f10x_tim.o(.text)
    TIM_TimeBaseInit                         0x08001b61   Thumb Code   122  stm32f10x_tim.o(.text)
    TIM_OC1Init                              0x08001bdb   Thumb Code   132  stm32f10x_tim.o(.text)
    TIM_OC2Init                              0x08001c5f   Thumb Code   154  stm32f10x_tim.o(.text)
    TIM_OC3Init                              0x08001cf9   Thumb Code   150  stm32f10x_tim.o(.text)
    TIM_OC4Init                              0x08001d8f   Thumb Code   182  stm32f10x_tim.o(.text)
    TIM_SetIC4Prescaler                      0x08001e45   Thumb Code    26  stm32f10x_tim.o(.text)
    TIM_SetIC3Prescaler                      0x08001ee1   Thumb Code    18  stm32f10x_tim.o(.text)
    TIM_SetIC2Prescaler                      0x08001f6d   Thumb Code    26  stm32f10x_tim.o(.text)
    TIM_SetIC1Prescaler                      0x08002009   Thumb Code    18  stm32f10x_tim.o(.text)
    TIM_ICInit                               0x08002087   Thumb Code   150  stm32f10x_tim.o(.text)
    TIM_PWMIConfig                           0x0800211d   Thumb Code   124  stm32f10x_tim.o(.text)
    TIM_BDTRConfig                           0x08002199   Thumb Code    32  stm32f10x_tim.o(.text)
    TIM_TimeBaseStructInit                   0x080021b9   Thumb Code    18  stm32f10x_tim.o(.text)
    TIM_OCStructInit                         0x080021cb   Thumb Code    20  stm32f10x_tim.o(.text)
    TIM_ICStructInit                         0x080021df   Thumb Code    18  stm32f10x_tim.o(.text)
    TIM_BDTRStructInit                       0x080021f1   Thumb Code    40  stm32f10x_tim.o(.text)
    TIM_Cmd                                  0x08002219   Thumb Code    24  stm32f10x_tim.o(.text)
    TIM_CtrlPWMOutputs                       0x08002231   Thumb Code    30  stm32f10x_tim.o(.text)
    TIM_ITConfig                             0x0800224f   Thumb Code    18  stm32f10x_tim.o(.text)
    TIM_GenerateEvent                        0x08002261   Thumb Code     4  stm32f10x_tim.o(.text)
    TIM_DMAConfig                            0x08002265   Thumb Code    10  stm32f10x_tim.o(.text)
    TIM_DMACmd                               0x0800226f   Thumb Code    18  stm32f10x_tim.o(.text)
    TIM_InternalClockConfig                  0x08002281   Thumb Code    12  stm32f10x_tim.o(.text)
    TIM_SelectInputTrigger                   0x0800228d   Thumb Code    18  stm32f10x_tim.o(.text)
    TIM_ITRxExternalClockConfig              0x0800229f   Thumb Code    24  stm32f10x_tim.o(.text)
    TIM_TIxExternalClockConfig               0x080022b7   Thumb Code    62  stm32f10x_tim.o(.text)
    TIM_ETRConfig                            0x080022f5   Thumb Code    28  stm32f10x_tim.o(.text)
    TIM_ETRClockMode1Config                  0x08002311   Thumb Code    54  stm32f10x_tim.o(.text)
    TIM_ETRClockMode2Config                  0x08002347   Thumb Code    32  stm32f10x_tim.o(.text)
    TIM_PrescalerConfig                      0x08002367   Thumb Code     6  stm32f10x_tim.o(.text)
    TIM_CounterModeConfig                    0x0800236d   Thumb Code    18  stm32f10x_tim.o(.text)
    TIM_EncoderInterfaceConfig               0x0800237f   Thumb Code    66  stm32f10x_tim.o(.text)
    TIM_ForcedOC1Config                      0x080023c1   Thumb Code    18  stm32f10x_tim.o(.text)
    TIM_ForcedOC2Config                      0x080023d3   Thumb Code    26  stm32f10x_tim.o(.text)
    TIM_ForcedOC3Config                      0x080023ed   Thumb Code    18  stm32f10x_tim.o(.text)
    TIM_ForcedOC4Config                      0x080023ff   Thumb Code    26  stm32f10x_tim.o(.text)
    TIM_ARRPreloadConfig                     0x08002419   Thumb Code    24  stm32f10x_tim.o(.text)
    TIM_SelectCOM                            0x08002431   Thumb Code    24  stm32f10x_tim.o(.text)
    TIM_SelectCCDMA                          0x08002449   Thumb Code    24  stm32f10x_tim.o(.text)
    TIM_CCPreloadControl                     0x08002461   Thumb Code    24  stm32f10x_tim.o(.text)
    TIM_OC1PreloadConfig                     0x08002479   Thumb Code    18  stm32f10x_tim.o(.text)
    TIM_OC2PreloadConfig                     0x0800248b   Thumb Code    26  stm32f10x_tim.o(.text)
    TIM_OC3PreloadConfig                     0x080024a5   Thumb Code    18  stm32f10x_tim.o(.text)
    TIM_OC4PreloadConfig                     0x080024b7   Thumb Code    26  stm32f10x_tim.o(.text)
    TIM_OC1FastConfig                        0x080024d1   Thumb Code    18  stm32f10x_tim.o(.text)
    TIM_OC2FastConfig                        0x080024e3   Thumb Code    26  stm32f10x_tim.o(.text)
    TIM_OC3FastConfig                        0x080024fd   Thumb Code    18  stm32f10x_tim.o(.text)
    TIM_OC4FastConfig                        0x0800250f   Thumb Code    26  stm32f10x_tim.o(.text)
    TIM_ClearOC1Ref                          0x08002529   Thumb Code    18  stm32f10x_tim.o(.text)
    TIM_ClearOC2Ref                          0x0800253b   Thumb Code    24  stm32f10x_tim.o(.text)
    TIM_ClearOC3Ref                          0x08002553   Thumb Code    18  stm32f10x_tim.o(.text)
    TIM_ClearOC4Ref                          0x08002565   Thumb Code    24  stm32f10x_tim.o(.text)
    TIM_OC1PolarityConfig                    0x0800257d   Thumb Code    18  stm32f10x_tim.o(.text)
    TIM_OC1NPolarityConfig                   0x0800258f   Thumb Code    18  stm32f10x_tim.o(.text)
    TIM_OC2PolarityConfig                    0x080025a1   Thumb Code    26  stm32f10x_tim.o(.text)
    TIM_OC2NPolarityConfig                   0x080025bb   Thumb Code    26  stm32f10x_tim.o(.text)
    TIM_OC3PolarityConfig                    0x080025d5   Thumb Code    26  stm32f10x_tim.o(.text)
    TIM_OC3NPolarityConfig                   0x080025ef   Thumb Code    26  stm32f10x_tim.o(.text)
    TIM_OC4PolarityConfig                    0x08002609   Thumb Code    26  stm32f10x_tim.o(.text)
    TIM_CCxCmd                               0x08002623   Thumb Code    30  stm32f10x_tim.o(.text)
    TIM_CCxNCmd                              0x08002641   Thumb Code    30  stm32f10x_tim.o(.text)
    TIM_SelectOCxM                           0x0800265f   Thumb Code    82  stm32f10x_tim.o(.text)
    TIM_UpdateDisableConfig                  0x080026b1   Thumb Code    24  stm32f10x_tim.o(.text)
    TIM_UpdateRequestConfig                  0x080026c9   Thumb Code    24  stm32f10x_tim.o(.text)
    TIM_SelectHallSensor                     0x080026e1   Thumb Code    24  stm32f10x_tim.o(.text)
    TIM_SelectOnePulseMode                   0x080026f9   Thumb Code    18  stm32f10x_tim.o(.text)
    TIM_SelectOutputTrigger                  0x0800270b   Thumb Code    18  stm32f10x_tim.o(.text)
    TIM_SelectSlaveMode                      0x0800271d   Thumb Code    18  stm32f10x_tim.o(.text)
    TIM_SelectMasterSlaveMode                0x0800272f   Thumb Code    18  stm32f10x_tim.o(.text)
    TIM_SetCounter                           0x08002741   Thumb Code     4  stm32f10x_tim.o(.text)
    TIM_SetAutoreload                        0x08002745   Thumb Code     4  stm32f10x_tim.o(.text)
    TIM_SetCompare1                          0x08002749   Thumb Code     4  stm32f10x_tim.o(.text)
    TIM_SetCompare2                          0x0800274d   Thumb Code     4  stm32f10x_tim.o(.text)
    TIM_SetCompare3                          0x08002751   Thumb Code     4  stm32f10x_tim.o(.text)
    TIM_SetCompare4                          0x08002755   Thumb Code     6  stm32f10x_tim.o(.text)
    TIM_SetClockDivision                     0x0800275b   Thumb Code    18  stm32f10x_tim.o(.text)
    TIM_GetCapture1                          0x0800276d   Thumb Code     6  stm32f10x_tim.o(.text)
    TIM_GetCapture2                          0x08002773   Thumb Code     6  stm32f10x_tim.o(.text)
    TIM_GetCapture3                          0x08002779   Thumb Code     6  stm32f10x_tim.o(.text)
    TIM_GetCapture4                          0x0800277f   Thumb Code     8  stm32f10x_tim.o(.text)
    TIM_GetCounter                           0x08002787   Thumb Code     6  stm32f10x_tim.o(.text)
    TIM_GetPrescaler                         0x0800278d   Thumb Code     6  stm32f10x_tim.o(.text)
    TIM_GetFlagStatus                        0x08002793   Thumb Code    18  stm32f10x_tim.o(.text)
    TIM_ClearFlag                            0x080027a5   Thumb Code     6  stm32f10x_tim.o(.text)
    TIM_GetITStatus                          0x080027ab   Thumb Code    34  stm32f10x_tim.o(.text)
    TIM_ClearITPendingBit                    0x080027cd   Thumb Code     6  stm32f10x_tim.o(.text)
    Reset_Handler                            0x080027d5   Thumb Code     8  startup_stm32f10x_md.o(.text)
    ADC1_2_IRQHandler                        0x080027ef   Thumb Code     0  startup_stm32f10x_md.o(.text)
    CAN1_RX1_IRQHandler                      0x080027ef   Thumb Code     0  startup_stm32f10x_md.o(.text)
    CAN1_SCE_IRQHandler                      0x080027ef   Thumb Code     0  startup_stm32f10x_md.o(.text)
    DMA1_Channel1_IRQHandler                 0x080027ef   Thumb Code     0  startup_stm32f10x_md.o(.text)
    DMA1_Channel2_IRQHandler                 0x080027ef   Thumb Code     0  startup_stm32f10x_md.o(.text)
    DMA1_Channel3_IRQHandler                 0x080027ef   Thumb Code     0  startup_stm32f10x_md.o(.text)
    DMA1_Channel4_IRQHandler                 0x080027ef   Thumb Code     0  startup_stm32f10x_md.o(.text)
    DMA1_Channel5_IRQHandler                 0x080027ef   Thumb Code     0  startup_stm32f10x_md.o(.text)
    DMA1_Channel6_IRQHandler                 0x080027ef   Thumb Code     0  startup_stm32f10x_md.o(.text)
    DMA1_Channel7_IRQHandler                 0x080027ef   Thumb Code     0  startup_stm32f10x_md.o(.text)
    EXTI0_IRQHandler                         0x080027ef   Thumb Code     0  startup_stm32f10x_md.o(.text)
    EXTI15_10_IRQHandler                     0x080027ef   Thumb Code     0  startup_stm32f10x_md.o(.text)
    EXTI1_IRQHandler                         0x080027ef   Thumb Code     0  startup_stm32f10x_md.o(.text)
    EXTI2_IRQHandler                         0x080027ef   Thumb Code     0  startup_stm32f10x_md.o(.text)
    EXTI3_IRQHandler                         0x080027ef   Thumb Code     0  startup_stm32f10x_md.o(.text)
    EXTI4_IRQHandler                         0x080027ef   Thumb Code     0  startup_stm32f10x_md.o(.text)
    EXTI9_5_IRQHandler                       0x080027ef   Thumb Code     0  startup_stm32f10x_md.o(.text)
    FLASH_IRQHandler                         0x080027ef   Thumb Code     0  startup_stm32f10x_md.o(.text)
    I2C1_ER_IRQHandler                       0x080027ef   Thumb Code     0  startup_stm32f10x_md.o(.text)
    I2C1_EV_IRQHandler                       0x080027ef   Thumb Code     0  startup_stm32f10x_md.o(.text)
    I2C2_ER_IRQHandler                       0x080027ef   Thumb Code     0  startup_stm32f10x_md.o(.text)
    I2C2_EV_IRQHandler                       0x080027ef   Thumb Code     0  startup_stm32f10x_md.o(.text)
    PVD_IRQHandler                           0x080027ef   Thumb Code     0  startup_stm32f10x_md.o(.text)
    RCC_IRQHandler                           0x080027ef   Thumb Code     0  startup_stm32f10x_md.o(.text)
    RTCAlarm_IRQHandler                      0x080027ef   Thumb Code     0  startup_stm32f10x_md.o(.text)
    RTC_IRQHandler                           0x080027ef   Thumb Code     0  startup_stm32f10x_md.o(.text)
    SPI1_IRQHandler                          0x080027ef   Thumb Code     0  startup_stm32f10x_md.o(.text)
    SPI2_IRQHandler                          0x080027ef   Thumb Code     0  startup_stm32f10x_md.o(.text)
    TAMPER_IRQHandler                        0x080027ef   Thumb Code     0  startup_stm32f10x_md.o(.text)
    TIM1_BRK_IRQHandler                      0x080027ef   Thumb Code     0  startup_stm32f10x_md.o(.text)
    TIM1_CC_IRQHandler                       0x080027ef   Thumb Code     0  startup_stm32f10x_md.o(.text)
    TIM1_TRG_COM_IRQHandler                  0x080027ef   Thumb Code     0  startup_stm32f10x_md.o(.text)
    TIM1_UP_IRQHandler                       0x080027ef   Thumb Code     0  startup_stm32f10x_md.o(.text)
    TIM2_IRQHandler                          0x080027ef   Thumb Code     0  startup_stm32f10x_md.o(.text)
    TIM4_IRQHandler                          0x080027ef   Thumb Code     0  startup_stm32f10x_md.o(.text)
    USART2_IRQHandler                        0x080027ef   Thumb Code     0  startup_stm32f10x_md.o(.text)
    USBWakeUp_IRQHandler                     0x080027ef   Thumb Code     0  startup_stm32f10x_md.o(.text)
    USB_HP_CAN1_TX_IRQHandler                0x080027ef   Thumb Code     0  startup_stm32f10x_md.o(.text)
    USB_LP_CAN1_RX0_IRQHandler               0x080027ef   Thumb Code     0  startup_stm32f10x_md.o(.text)
    WWDG_IRQHandler                          0x080027ef   Thumb Code     0  startup_stm32f10x_md.o(.text)
    __user_initial_stackheap                 0x080027f1   Thumb Code     0  startup_stm32f10x_md.o(.text)
    Angle_PID                                0x08002815   Thumb Code   158  main.o(.text)
    main                                     0x080028b3   Thumb Code   146  main.o(.text)
    NMI_Handler                              0x08002979   Thumb Code     2  stm32f10x_it.o(.text)
    HardFault_Handler                        0x0800297b   Thumb Code     4  stm32f10x_it.o(.text)
    MemManage_Handler                        0x0800297f   Thumb Code     4  stm32f10x_it.o(.text)
    BusFault_Handler                         0x08002983   Thumb Code     4  stm32f10x_it.o(.text)
    UsageFault_Handler                       0x08002987   Thumb Code     4  stm32f10x_it.o(.text)
    SVC_Handler                              0x0800298b   Thumb Code     2  stm32f10x_it.o(.text)
    DebugMon_Handler                         0x0800298d   Thumb Code     2  stm32f10x_it.o(.text)
    PendSV_Handler                           0x0800298f   Thumb Code     2  stm32f10x_it.o(.text)
    SysTick_Handler                          0x08002991   Thumb Code     2  stm32f10x_it.o(.text)
    delay_us                                 0x08002993   Thumb Code    46  delay.o(.text)
    delay_ms                                 0x080029c1   Thumb Code    26  delay.o(.text)
    delay_s                                  0x080029db   Thumb Code    26  delay.o(.text)
    NVIC_Configuration                       0x080029f5   Thumb Code    12  sys.o(.text)
    RCC_Configuration                        0x08002a01   Thumb Code   100  sys.o(.text)
    TIM3_NVIC_Init                           0x08002a65   Thumb Code    32  tim.o(.text)
    TIM3_Init                                0x08002a85   Thumb Code    64  tim.o(.text)
    TIM3_IRQHandler                          0x08002ac5   Thumb Code   136  tim.o(.text)
    moto01                                   0x08002b4d   Thumb Code    42  tim.o(.text)
    moto02                                   0x08002b77   Thumb Code    42  tim.o(.text)
    _sys_exit                                0x08002bb9   Thumb Code     6  usart.o(.text)
    fputc                                    0x08002bbf   Thumb Code    24  usart.o(.text)
    USART1_printf                            0x08002bd7   Thumb Code    82  usart.o(.text)
    USART1_Init                              0x08002c29   Thumb Code   152  usart.o(.text)
    USART1_IRQHandler                        0x08002cc1   Thumb Code   132  usart.o(.text)
    USART3_printf                            0x08002d45   Thumb Code    82  usart.o(.text)
    USART3_Init                              0x08002d97   Thumb Code   164  usart.o(.text)
    USART3_IRQHandler                        0x08002e3b   Thumb Code    46  usart.o(.text)
    I2C_GPIO_Init                            0x08002e89   Thumb Code    46  i2c.o(.text)
    I2C_Configuration                        0x08002eb7   Thumb Code    62  i2c.o(.text)
    I2C_SAND_BUFFER                          0x08002ef5   Thumb Code   132  i2c.o(.text)
    I2C_SAND_BYTE                            0x08002f79   Thumb Code   112  i2c.o(.text)
    I2C_READ_BUFFER                          0x08002fe9   Thumb Code   218  i2c.o(.text)
    I2C_READ_BYTE                            0x080030c3   Thumb Code   176  i2c.o(.text)
    LED_Init                                 0x08003189   Thumb Code    40  led.o(.text)
    MPU6050_Init                             0x080031b5   Thumb Code    72  mpu6050.o(.text)
    MPU6050_READ                             0x080031fd   Thumb Code    86  mpu6050.o(.text)
    __use_no_semihosting                     0x08003253   Thumb Code     2  use_no_semi_2.o(.text)
    __c89vsnprintf                           0x08003255   Thumb Code    48  c89vsnprintf.o(.text)
    __2printf                                0x08003289   Thumb Code    20  __2printf.o(.text)
    _printf_str                              0x080032a1   Thumb Code    82  _printf_str.o(.text)
    _printf_int_dec                          0x080032f5   Thumb Code   100  _printf_dec.o(.text)
    __printf                                 0x08003369   Thumb Code   388  __printf_flags_ss_wp.o(.text)
    strlen                                   0x080034f1   Thumb Code    62  strlen.o(.text)
    __use_two_region_memory                  0x0800352f   Thumb Code     2  heapauxi.o(.text)
    __rt_heap_escrow$2region                 0x08003531   Thumb Code     2  heapauxi.o(.text)
    __rt_heap_expand$2region                 0x08003533   Thumb Code     2  heapauxi.o(.text)
    __I$use$semihosting                      0x08003535   Thumb Code     0  use_no_semi.o(.text)
    __use_no_semihosting_swi                 0x08003535   Thumb Code     2  use_no_semi.o(.text)
    _printf_pre_padding                      0x08003537   Thumb Code    44  _printf_pad.o(.text)
    _printf_post_padding                     0x08003563   Thumb Code    34  _printf_pad.o(.text)
    _printf_truncate_signed                  0x08003585   Thumb Code    18  _printf_truncate.o(.text)
    _printf_truncate_unsigned                0x08003597   Thumb Code    18  _printf_truncate.o(.text)
    _printf_int_common                       0x080035a9   Thumb Code   178  _printf_intcommon.o(.text)
    _printf_charcount                        0x0800365b   Thumb Code    40  _printf_charcount.o(.text)
    _printf_char_common                      0x0800368f   Thumb Code    32  _printf_char_common.o(.text)
    _sputc                                   0x080036b5   Thumb Code    10  _sputc.o(.text)
    _snputc                                  0x080036bf   Thumb Code    16  _snputc.o(.text)
    _printf_cs_common                        0x080036cf   Thumb Code    20  _printf_char.o(.text)
    _printf_char                             0x080036e3   Thumb Code    16  _printf_char.o(.text)
    _printf_string                           0x080036f3   Thumb Code     8  _printf_char.o(.text)
    _printf_char_file                        0x080036fd   Thumb Code    32  _printf_char_file.o(.text)
    _printf_wctomb                           0x08003721   Thumb Code   182  _printf_wctomb.o(.text)
    _printf_longlong_dec                     0x080037dd   Thumb Code   104  _printf_longlong_dec.o(.text)
    _printf_longlong_oct                     0x08003855   Thumb Code    68  _printf_oct_int_ll.o(.text)
    _printf_int_oct                          0x08003899   Thumb Code    24  _printf_oct_int_ll.o(.text)
    _printf_ll_oct                           0x080038b1   Thumb Code    12  _printf_oct_int_ll.o(.text)
    _printf_longlong_hex                     0x080038c5   Thumb Code    86  _printf_hex_int_ll_ptr.o(.text)
    _printf_int_hex                          0x0800391b   Thumb Code    28  _printf_hex_int_ll_ptr.o(.text)
    _printf_ll_hex                           0x08003937   Thumb Code    12  _printf_hex_int_ll_ptr.o(.text)
    _printf_hex_ptr                          0x08003943   Thumb Code    18  _printf_hex_int_ll_ptr.o(.text)
    _ll_udiv10                               0x08003959   Thumb Code   138  lludiv10.o(.text)
    __lib_sel_fp_printf                      0x080039e3   Thumb Code     2  _printf_fp_dec.o(.text)
    _printf_fp_dec_real                      0x08003b91   Thumb Code   616  _printf_fp_dec.o(.text)
    _printf_lcs_common                       0x08003df9   Thumb Code    20  _printf_wchar.o(.text)
    _printf_wchar                            0x08003e0d   Thumb Code    16  _printf_wchar.o(.text)
    _printf_wstring                          0x08003e1d   Thumb Code     8  _printf_wchar.o(.text)
    ferror                                   0x08003e25   Thumb Code     8  ferror.o(.text)
    _wcrtomb                                 0x08003e2d   Thumb Code    64  _wcrtomb.o(.text)
    __user_setup_stackheap                   0x08003e6d   Thumb Code    74  sys_stackheap_outer.o(.text)
    __rt_ctype_table                         0x08003eb9   Thumb Code    16  rt_ctype_table.o(.text)
    __rt_locale                              0x08003ec9   Thumb Code     8  rt_locale_intlibspace.o(.text)
    _printf_fp_infnan                        0x08003ed1   Thumb Code   112  _printf_fp_infnan.o(.text)
    _btod_etento                             0x08003f51   Thumb Code   212  bigflt0.o(.text)
    exit                                     0x08004029   Thumb Code    12  exit.o(.text)
    __user_libspace                          0x08004035   Thumb Code     8  libspace.o(.text)
    __user_perproc_libspace                  0x08004035   Thumb Code     0  libspace.o(.text)
    __user_perthread_libspace                0x08004035   Thumb Code     0  libspace.o(.text)
    strcmp                                   0x0800403d   Thumb Code   128  strcmpv7m.o(.text)
    _btod_d2e                                0x080040bd   Thumb Code    62  btod.o(CL$$btod_d2e)
    _d2e_denorm_low                          0x080040fb   Thumb Code    70  btod.o(CL$$btod_d2e_denorm_low)
    _d2e_norm_op1                            0x08004141   Thumb Code    96  btod.o(CL$$btod_d2e_norm_op1)
    __btod_div_common                        0x080041a1   Thumb Code   696  btod.o(CL$$btod_div_common)
    _e2e                                     0x080044d9   Thumb Code   198  btod.o(CL$$btod_e2e)
    _btod_ediv                               0x0800459f   Thumb Code    40  btod.o(CL$$btod_ediv)
    _btod_emul                               0x080045c7   Thumb Code    40  btod.o(CL$$btod_emul)
    __btod_mult_common                       0x080045ef   Thumb Code   580  btod.o(CL$$btod_mult_common)
    __ARM_fpclassify                         0x08004833   Thumb Code    40  fpclassify.o(i.__ARM_fpclassify)
    _is_digit                                0x0800485b   Thumb Code    14  __printf_wp.o(i._is_digit)
    _get_lc_numeric                          0x08004869   Thumb Code    44  lc_numeric_c.o(locale$$code)
    _get_lc_ctype                            0x08004895   Thumb Code    44  lc_ctype_c.o(locale$$code)
    __aeabi_fadd                             0x080048c1   Thumb Code     0  faddsub_clz.o(x$fpl$fadd)
    _fadd                                    0x080048c1   Thumb Code   196  faddsub_clz.o(x$fpl$fadd)
    __aeabi_f2iz                             0x08004985   Thumb Code     0  ffix.o(x$fpl$ffix)
    _ffix                                    0x08004985   Thumb Code    54  ffix.o(x$fpl$ffix)
    __aeabi_i2f                              0x080049bd   Thumb Code     0  fflt_clz.o(x$fpl$fflt)
    _fflt                                    0x080049bd   Thumb Code    48  fflt_clz.o(x$fpl$fflt)
    __aeabi_fmul                             0x080049ed   Thumb Code     0  fmul.o(x$fpl$fmul)
    _fmul                                    0x080049ed   Thumb Code   258  fmul.o(x$fpl$fmul)
    __fpl_fnaninf                            0x08004aef   Thumb Code   140  fnaninf.o(x$fpl$fnaninf)
    __fpl_fretinf                            0x08004b7b   Thumb Code    10  fretinf.o(x$fpl$fretinf)
    __aeabi_frsub                            0x08004b85   Thumb Code     0  faddsub_clz.o(x$fpl$frsb)
    _frsb                                    0x08004b85   Thumb Code    20  faddsub_clz.o(x$fpl$frsb)
    __aeabi_fsub                             0x08004b99   Thumb Code     0  faddsub_clz.o(x$fpl$fsub)
    _fsub                                    0x08004b99   Thumb Code   234  faddsub_clz.o(x$fpl$fsub)
    _printf_fp_dec                           0x08004c83   Thumb Code     4  printf1.o(x$fpl$printf1)
    __I$use$fp                               0x08004c86   Number         0  usenofp.o(x$fpl$usenofp)
    Region$$Table$$Base                      0x08004d5c   Number         0  anon$$obj.o(Region$$Table)
    Region$$Table$$Limit                     0x08004d7c   Number         0  anon$$obj.o(Region$$Table)
    __ctype                                  0x08004da5   Data           0  lc_ctype_c.o(locale$$data)
    SystemCoreClock                          0x20000000   Data           4  system_stm32f10x.o(.data)
    AHBPrescTable                            0x20000004   Data          16  system_stm32f10x.o(.data)
    SetAngle                                 0x20000028   Data           4  main.o(.data)
    ActualAngle                              0x2000002c   Data           4  main.o(.data)
    err                                      0x20000030   Data           4  main.o(.data)
    err_next                                 0x20000034   Data           4  main.o(.data)
    err_last                                 0x20000038   Data           4  main.o(.data)
    Kp                                       0x2000003c   Data           4  main.o(.data)
    Ki                                       0x20000040   Data           4  main.o(.data)
    Kd                                       0x20000044   Data           4  main.o(.data)
    incrementAngle                           0x20000048   Data           4  main.o(.data)
    Angle_pwm                                0x2000004c   Data           4  main.o(.data)
    Roll                                     0x20000050   Data           4  main.o(.data)
    speed_max                                0x20000054   Data           1  main.o(.data)
    speed_min                                0x20000055   Data           1  main.o(.data)
    pwms01                                   0x20000056   Data           1  tim.o(.data)
    pwms02                                   0x20000057   Data           1  tim.o(.data)
    tims01                                   0x20000058   Data           1  tim.o(.data)
    tims02                                   0x20000059   Data           1  tim.o(.data)
    __stdout                                 0x2000005c   Data           4  usart.o(.data)
    USART1_RX_STA                            0x20000060   Data           2  usart.o(.data)
    USART3_RX_STA                            0x20000062   Data           2  usart.o(.data)
    USART1_RX_BUF                            0x20000064   Data         200  usart.o(.bss)
    USART3_RX_BUF                            0x2000012c   Data         200  usart.o(.bss)
    __libspace_start                         0x200001f4   Data          96  libspace.o(.bss)
    __temporary_stack_top$libspace           0x20000254   Data           0  libspace.o(.bss)



==============================================================================

Memory Map of the image

  Image Entry point : 0x080000ed

  Load Region LR_IROM1 (Base: 0x08000000, Size: 0x00004f0c, Max: 0x00010000, ABSOLUTE)

    Execution Region ER_IROM1 (Base: 0x08000000, Size: 0x00004ea8, Max: 0x00010000, ABSOLUTE)

    Base Addr    Size         Type   Attr      Idx    E Section Name        Object

    0x08000000   0x000000ec   Data   RO          261    RESET               startup_stm32f10x_md.o
    0x080000ec   0x00000008   Code   RO          494  * !!!main             c_w.l(__main.o)
    0x080000f4   0x00000034   Code   RO          802    !!!scatter          c_w.l(__scatter.o)
    0x08000128   0x0000001a   Code   RO          804    !!handler_copy      c_w.l(__scatter_copy.o)
    0x08000142   0x00000002   PAD
    0x08000144   0x0000001c   Code   RO          806    !!handler_zi        c_w.l(__scatter_zi.o)
    0x08000160   0x00000000   Code   RO          489    .ARM.Collect$$_printf_percent$$00000000  c_w.l(_printf_percent.o)
    0x08000160   0x00000006   Code   RO          568    .ARM.Collect$$_printf_percent$$00000001  c_w.l(_printf_n.o)
    0x08000166   0x00000006   Code   RO          570    .ARM.Collect$$_printf_percent$$00000002  c_w.l(_printf_p.o)
    0x0800016c   0x00000006   Code   RO          574    .ARM.Collect$$_printf_percent$$00000003  c_w.l(_printf_f.o)
    0x08000172   0x00000006   Code   RO          575    .ARM.Collect$$_printf_percent$$00000004  c_w.l(_printf_e.o)
    0x08000178   0x00000006   Code   RO          576    .ARM.Collect$$_printf_percent$$00000005  c_w.l(_printf_g.o)
    0x0800017e   0x00000006   Code   RO          577    .ARM.Collect$$_printf_percent$$00000006  c_w.l(_printf_a.o)
    0x08000184   0x0000000a   Code   RO          582    .ARM.Collect$$_printf_percent$$00000007  c_w.l(_printf_ll.o)
    0x0800018e   0x00000006   Code   RO          572    .ARM.Collect$$_printf_percent$$00000008  c_w.l(_printf_i.o)
    0x08000194   0x00000006   Code   RO          488    .ARM.Collect$$_printf_percent$$00000009  c_w.l(_printf_d.o)
    0x0800019a   0x00000006   Code   RO          573    .ARM.Collect$$_printf_percent$$0000000A  c_w.l(_printf_u.o)
    0x080001a0   0x00000006   Code   RO          571    .ARM.Collect$$_printf_percent$$0000000B  c_w.l(_printf_o.o)
    0x080001a6   0x00000006   Code   RO          569    .ARM.Collect$$_printf_percent$$0000000C  c_w.l(_printf_x.o)
    0x080001ac   0x00000006   Code   RO          579    .ARM.Collect$$_printf_percent$$0000000D  c_w.l(_printf_lli.o)
    0x080001b2   0x00000006   Code   RO          580    .ARM.Collect$$_printf_percent$$0000000E  c_w.l(_printf_lld.o)
    0x080001b8   0x00000006   Code   RO          581    .ARM.Collect$$_printf_percent$$0000000F  c_w.l(_printf_llu.o)
    0x080001be   0x00000006   Code   RO          586    .ARM.Collect$$_printf_percent$$00000010  c_w.l(_printf_llo.o)
    0x080001c4   0x00000006   Code   RO          587    .ARM.Collect$$_printf_percent$$00000011  c_w.l(_printf_llx.o)
    0x080001ca   0x0000000a   Code   RO          583    .ARM.Collect$$_printf_percent$$00000012  c_w.l(_printf_l.o)
    0x080001d4   0x00000006   Code   RO          487    .ARM.Collect$$_printf_percent$$00000013  c_w.l(_printf_c.o)
    0x080001da   0x00000006   Code   RO          567    .ARM.Collect$$_printf_percent$$00000014  c_w.l(_printf_s.o)
    0x080001e0   0x00000006   Code   RO          584    .ARM.Collect$$_printf_percent$$00000015  c_w.l(_printf_lc.o)
    0x080001e6   0x00000006   Code   RO          585    .ARM.Collect$$_printf_percent$$00000016  c_w.l(_printf_ls.o)
    0x080001ec   0x00000004   Code   RO          578    .ARM.Collect$$_printf_percent$$00000017  c_w.l(_printf_percent_end.o)
    0x080001f0   0x00000002   Code   RO          670    .ARM.Collect$$libinit$$00000000  c_w.l(libinit.o)
    0x080001f2   0x00000000   Code   RO          686    .ARM.Collect$$libinit$$00000002  c_w.l(libinit2.o)
    0x080001f2   0x00000000   Code   RO          689    .ARM.Collect$$libinit$$00000008  c_w.l(libinit2.o)
    0x080001f2   0x00000000   Code   RO          691    .ARM.Collect$$libinit$$0000000A  c_w.l(libinit2.o)
    0x080001f2   0x00000000   Code   RO          693    .ARM.Collect$$libinit$$0000000C  c_w.l(libinit2.o)
    0x080001f2   0x00000006   Code   RO          694    .ARM.Collect$$libinit$$0000000D  c_w.l(libinit2.o)
    0x080001f8   0x00000000   Code   RO          696    .ARM.Collect$$libinit$$0000000F  c_w.l(libinit2.o)
    0x080001f8   0x0000000c   Code   RO          697    .ARM.Collect$$libinit$$00000010  c_w.l(libinit2.o)
    0x08000204   0x00000000   Code   RO          698    .ARM.Collect$$libinit$$00000011  c_w.l(libinit2.o)
    0x08000204   0x00000000   Code   RO          700    .ARM.Collect$$libinit$$00000013  c_w.l(libinit2.o)
    0x08000204   0x0000000a   Code   RO          701    .ARM.Collect$$libinit$$00000014  c_w.l(libinit2.o)
    0x0800020e   0x00000000   Code   RO          702    .ARM.Collect$$libinit$$00000015  c_w.l(libinit2.o)
    0x0800020e   0x00000000   Code   RO          704    .ARM.Collect$$libinit$$00000017  c_w.l(libinit2.o)
    0x0800020e   0x00000000   Code   RO          706    .ARM.Collect$$libinit$$00000019  c_w.l(libinit2.o)
    0x0800020e   0x00000000   Code   RO          708    .ARM.Collect$$libinit$$0000001B  c_w.l(libinit2.o)
    0x0800020e   0x00000000   Code   RO          710    .ARM.Collect$$libinit$$0000001D  c_w.l(libinit2.o)
    0x0800020e   0x00000000   Code   RO          712    .ARM.Collect$$libinit$$0000001F  c_w.l(libinit2.o)
    0x0800020e   0x00000000   Code   RO          714    .ARM.Collect$$libinit$$00000021  c_w.l(libinit2.o)
    0x0800020e   0x00000000   Code   RO          716    .ARM.Collect$$libinit$$00000023  c_w.l(libinit2.o)
    0x0800020e   0x00000000   Code   RO          720    .ARM.Collect$$libinit$$0000002A  c_w.l(libinit2.o)
    0x0800020e   0x00000000   Code   RO          722    .ARM.Collect$$libinit$$0000002C  c_w.l(libinit2.o)
    0x0800020e   0x00000000   Code   RO          724    .ARM.Collect$$libinit$$0000002E  c_w.l(libinit2.o)
    0x0800020e   0x00000000   Code   RO          726    .ARM.Collect$$libinit$$00000030  c_w.l(libinit2.o)
    0x0800020e   0x00000002   Code   RO          727    .ARM.Collect$$libinit$$00000031  c_w.l(libinit2.o)
    0x08000210   0x00000002   Code   RO          745    .ARM.Collect$$libshutdown$$00000000  c_w.l(libshutdown.o)
    0x08000212   0x00000000   Code   RO          756    .ARM.Collect$$libshutdown$$00000003  c_w.l(libshutdown2.o)
    0x08000212   0x00000000   Code   RO          759    .ARM.Collect$$libshutdown$$00000006  c_w.l(libshutdown2.o)
    0x08000212   0x00000000   Code   RO          762    .ARM.Collect$$libshutdown$$00000009  c_w.l(libshutdown2.o)
    0x08000212   0x00000000   Code   RO          764    .ARM.Collect$$libshutdown$$0000000B  c_w.l(libshutdown2.o)
    0x08000212   0x00000000   Code   RO          767    .ARM.Collect$$libshutdown$$0000000E  c_w.l(libshutdown2.o)
    0x08000212   0x00000002   Code   RO          768    .ARM.Collect$$libshutdown$$0000000F  c_w.l(libshutdown2.o)
    0x08000214   0x00000000   Code   RO          516    .ARM.Collect$$rtentry$$00000000  c_w.l(rtentry.o)
    0x08000214   0x00000000   Code   RO          596    .ARM.Collect$$rtentry$$00000002  c_w.l(rtentry2.o)
    0x08000214   0x00000006   Code   RO          608    .ARM.Collect$$rtentry$$00000004  c_w.l(rtentry4.o)
    0x0800021a   0x00000000   Code   RO          598    .ARM.Collect$$rtentry$$00000009  c_w.l(rtentry2.o)
    0x0800021a   0x00000004   Code   RO          599    .ARM.Collect$$rtentry$$0000000A  c_w.l(rtentry2.o)
    0x0800021e   0x00000000   Code   RO          601    .ARM.Collect$$rtentry$$0000000C  c_w.l(rtentry2.o)
    0x0800021e   0x00000008   Code   RO          602    .ARM.Collect$$rtentry$$0000000D  c_w.l(rtentry2.o)
    0x08000226   0x00000002   Code   RO          678    .ARM.Collect$$rtexit$$00000000  c_w.l(rtexit.o)
    0x08000228   0x00000000   Code   RO          729    .ARM.Collect$$rtexit$$00000002  c_w.l(rtexit2.o)
    0x08000228   0x00000004   Code   RO          730    .ARM.Collect$$rtexit$$00000003  c_w.l(rtexit2.o)
    0x0800022c   0x00000006   Code   RO          731    .ARM.Collect$$rtexit$$00000004  c_w.l(rtexit2.o)
    0x08000232   0x00000002   PAD
    0x08000234   0x000001e0   Code   RO           17    .text               system_stm32f10x.o
    0x08000414   0x000000dc   Code   RO          114    .text               misc.o
    0x080004f0   0x0000035c   Code   RO          149    .text               stm32f10x_gpio.o
    0x0800084c   0x000003a4   Code   RO          161    .text               stm32f10x_rcc.o
    0x08000bf0   0x00000408   Code   RO          175    .text               stm32f10x_usart.o
    0x08000ff8   0x00000404   Code   RO          199    .text               stm32f10x_i2c.o
    0x080013fc   0x000005bc   Code   RO          223    .text               stm32f10x_flash.o
    0x080019b8   0x00000e1a   Code   RO          247    .text               stm32f10x_tim.o
    0x080027d2   0x00000002   PAD
    0x080027d4   0x00000040   Code   RO          262    .text               startup_stm32f10x_md.o
    0x08002814   0x00000164   Code   RO          266    .text               main.o
    0x08002978   0x0000001a   Code   RO          316    .text               stm32f10x_it.o
    0x08002992   0x00000062   Code   RO          331    .text               delay.o
    0x080029f4   0x00000070   Code   RO          346    .text               sys.o
    0x08002a64   0x00000154   Code   RO          361    .text               tim.o
    0x08002bb8   0x000002d0   Code   RO          379    .text               usart.o
    0x08002e88   0x00000300   Code   RO          406    .text               i2c.o
    0x08003188   0x0000002c   Code   RO          421    .text               led.o
    0x080031b4   0x0000009e   Code   RO          436    .text               mpu6050.o
    0x08003252   0x00000002   Code   RO          453    .text               c_w.l(use_no_semi_2.o)
    0x08003254   0x00000034   Code   RO          455    .text               c_w.l(c89vsnprintf.o)
    0x08003288   0x00000018   Code   RO          457    .text               c_w.l(__2printf.o)
    0x080032a0   0x00000052   Code   RO          463    .text               c_w.l(_printf_str.o)
    0x080032f2   0x00000002   PAD
    0x080032f4   0x00000074   Code   RO          465    .text               c_w.l(_printf_dec.o)
    0x08003368   0x00000188   Code   RO          484    .text               c_w.l(__printf_flags_ss_wp.o)
    0x080034f0   0x0000003e   Code   RO          490    .text               c_w.l(strlen.o)
    0x0800352e   0x00000006   Code   RO          492    .text               c_w.l(heapauxi.o)
    0x08003534   0x00000002   Code   RO          514    .text               c_w.l(use_no_semi.o)
    0x08003536   0x0000004e   Code   RO          517    .text               c_w.l(_printf_pad.o)
    0x08003584   0x00000024   Code   RO          519    .text               c_w.l(_printf_truncate.o)
    0x080035a8   0x000000b2   Code   RO          521    .text               c_w.l(_printf_intcommon.o)
    0x0800365a   0x00000028   Code   RO          523    .text               c_w.l(_printf_charcount.o)
    0x08003682   0x00000002   PAD
    0x08003684   0x00000030   Code   RO          525    .text               c_w.l(_printf_char_common.o)
    0x080036b4   0x0000000a   Code   RO          527    .text               c_w.l(_sputc.o)
    0x080036be   0x00000010   Code   RO          529    .text               c_w.l(_snputc.o)
    0x080036ce   0x0000002c   Code   RO          531    .text               c_w.l(_printf_char.o)
    0x080036fa   0x00000002   PAD
    0x080036fc   0x00000024   Code   RO          533    .text               c_w.l(_printf_char_file.o)
    0x08003720   0x000000bc   Code   RO          535    .text               c_w.l(_printf_wctomb.o)
    0x080037dc   0x00000078   Code   RO          538    .text               c_w.l(_printf_longlong_dec.o)
    0x08003854   0x00000070   Code   RO          544    .text               c_w.l(_printf_oct_int_ll.o)
    0x080038c4   0x00000094   Code   RO          564    .text               c_w.l(_printf_hex_int_ll_ptr.o)
    0x08003958   0x0000008a   Code   RO          610    .text               c_w.l(lludiv10.o)
    0x080039e2   0x00000416   Code   RO          612    .text               c_w.l(_printf_fp_dec.o)
    0x08003df8   0x0000002c   Code   RO          616    .text               c_w.l(_printf_wchar.o)
    0x08003e24   0x00000008   Code   RO          618    .text               c_w.l(ferror.o)
    0x08003e2c   0x00000040   Code   RO          622    .text               c_w.l(_wcrtomb.o)
    0x08003e6c   0x0000004a   Code   RO          624    .text               c_w.l(sys_stackheap_outer.o)
    0x08003eb6   0x00000002   PAD
    0x08003eb8   0x00000010   Code   RO          626    .text               c_w.l(rt_ctype_table.o)
    0x08003ec8   0x00000008   Code   RO          631    .text               c_w.l(rt_locale_intlibspace.o)
    0x08003ed0   0x00000080   Code   RO          633    .text               c_w.l(_printf_fp_infnan.o)
    0x08003f50   0x000000d8   Code   RO          635    .text               c_w.l(bigflt0.o)
    0x08004028   0x0000000c   Code   RO          663    .text               c_w.l(exit.o)
    0x08004034   0x00000008   Code   RO          675    .text               c_w.l(libspace.o)
    0x0800403c   0x00000080   Code   RO          683    .text               c_w.l(strcmpv7m.o)
    0x080040bc   0x0000003e   Code   RO          638    CL$$btod_d2e        c_w.l(btod.o)
    0x080040fa   0x00000046   Code   RO          640    CL$$btod_d2e_denorm_low  c_w.l(btod.o)
    0x08004140   0x00000060   Code   RO          639    CL$$btod_d2e_norm_op1  c_w.l(btod.o)
    0x080041a0   0x00000338   Code   RO          648    CL$$btod_div_common  c_w.l(btod.o)
    0x080044d8   0x000000c6   Code   RO          645    CL$$btod_e2e        c_w.l(btod.o)
    0x0800459e   0x00000028   Code   RO          642    CL$$btod_ediv       c_w.l(btod.o)
    0x080045c6   0x00000028   Code   RO          641    CL$$btod_emul       c_w.l(btod.o)
    0x080045ee   0x00000244   Code   RO          647    CL$$btod_mult_common  c_w.l(btod.o)
    0x08004832   0x00000028   Code   RO          673    i.__ARM_fpclassify  m_ws.l(fpclassify.o)
    0x0800485a   0x0000000e   Code   RO          477    i._is_digit         c_w.l(__printf_wp.o)
    0x08004868   0x0000002c   Code   RO          661    locale$$code        c_w.l(lc_numeric_c.o)
    0x08004894   0x0000002c   Code   RO          681    locale$$code        c_w.l(lc_ctype_c.o)
    0x080048c0   0x000000c4   Code   RO          496    x$fpl$fadd          fz_ws.l(faddsub_clz.o)
    0x08004984   0x00000036   Code   RO          502    x$fpl$ffix          fz_ws.l(ffix.o)
    0x080049ba   0x00000002   PAD
    0x080049bc   0x00000030   Code   RO          507    x$fpl$fflt          fz_ws.l(fflt_clz.o)
    0x080049ec   0x00000102   Code   RO          512    x$fpl$fmul          fz_ws.l(fmul.o)
    0x08004aee   0x0000008c   Code   RO          588    x$fpl$fnaninf       fz_ws.l(fnaninf.o)
    0x08004b7a   0x0000000a   Code   RO          590    x$fpl$fretinf       fz_ws.l(fretinf.o)
    0x08004b84   0x00000014   Code   RO          497    x$fpl$frsb          fz_ws.l(faddsub_clz.o)
    0x08004b98   0x000000ea   Code   RO          498    x$fpl$fsub          fz_ws.l(faddsub_clz.o)
    0x08004c82   0x00000004   Code   RO          592    x$fpl$printf1       fz_ws.l(printf1.o)
    0x08004c86   0x00000000   Code   RO          594    x$fpl$usenofp       fz_ws.l(usenofp.o)
    0x08004c86   0x00000011   Data   RO          485    .constdata          c_w.l(__printf_flags_ss_wp.o)
    0x08004c97   0x00000001   PAD
    0x08004c98   0x00000008   Data   RO          536    .constdata          c_w.l(_printf_wctomb.o)
    0x08004ca0   0x00000028   Data   RO          565    .constdata          c_w.l(_printf_hex_int_ll_ptr.o)
    0x08004cc8   0x00000094   Data   RO          636    .constdata          c_w.l(bigflt0.o)
    0x08004d5c   0x00000020   Data   RO          800    Region$$Table       anon$$obj.o
    0x08004d7c   0x0000001c   Data   RO          660    locale$$data        c_w.l(lc_numeric_c.o)
    0x08004d98   0x00000110   Data   RO          680    locale$$data        c_w.l(lc_ctype_c.o)


    Execution Region RW_IRAM1 (Base: 0x20000000, Size: 0x00000858, Max: 0x00005000, ABSOLUTE)

    Base Addr    Size         Type   Attr      Idx    E Section Name        Object

    0x20000000   0x00000014   Data   RW           18    .data               system_stm32f10x.o
    0x20000014   0x00000014   Data   RW          162    .data               stm32f10x_rcc.o
    0x20000028   0x0000002e   Data   RW          267    .data               main.o
    0x20000056   0x00000004   Data   RW          362    .data               tim.o
    0x2000005a   0x00000002   PAD
    0x2000005c   0x00000008   Data   RW          381    .data               usart.o
    0x20000064   0x00000190   Zero   RW          380    .bss                usart.o
    0x200001f4   0x00000060   Zero   RW          676    .bss                c_w.l(libspace.o)
    0x20000254   0x00000004   PAD
    0x20000258   0x00000200   Zero   RW          260    HEAP                startup_stm32f10x_md.o
    0x20000458   0x00000400   Zero   RW          259    STACK               startup_stm32f10x_md.o


==============================================================================

Image component sizes


      Code (inc. data)   RO Data    RW Data    ZI Data      Debug   Object Name

         0          0          0          0          0       4328   core_cm3.o
        98          0          0          0          0        864   delay.o
       768         22          0          0          0       2406   i2c.o
        44          4          0          0          0        511   led.o
       356         52          0         46          0       1409   main.o
       220         22          0          0          0     205229   misc.o
       158          0          0          0          0       1100   mpu6050.o
        64         26        236          0       1536        808   startup_stm32f10x_md.o
      1468         34          0          0          0       8030   stm32f10x_flash.o
       860         38          0          0          0       5645   stm32f10x_gpio.o
      1028         16          0          0          0       9103   stm32f10x_i2c.o
        26          0          0          0          0       1238   stm32f10x_it.o
       932         36          0         20          0       8836   stm32f10x_rcc.o
      3610         88          0          0          0      22128   stm32f10x_tim.o
      1032         22          0          0          0       8368   stm32f10x_usart.o
       112          0          0          0          0        723   sys.o
       480         38          0         20          0      59747   system_stm32f10x.o
       340         24          0          4          0       1659   tim.o
       720         32          0          8        400       5152   usart.o

    ----------------------------------------------------------------------
     12318        454        268        100       1936     347284   Object Totals
         0          0         32          0          0          0   (incl. Generated)
         2          0          0          2          0          0   (incl. Padding)

    ----------------------------------------------------------------------

      Code (inc. data)   RO Data    RW Data    ZI Data      Debug   Library Member Name

        24          4          0          0          0         84   __2printf.o
         8          0          0          0          0         68   __main.o
       392          4         17          0          0         92   __printf_flags_ss_wp.o
        14          0          0          0          0         68   __printf_wp.o
        52          8          0          0          0          0   __scatter.o
        26          0          0          0          0          0   __scatter_copy.o
        28          0          0          0          0          0   __scatter_zi.o
         6          0          0          0          0          0   _printf_a.o
         6          0          0          0          0          0   _printf_c.o
        44          0          0          0          0        108   _printf_char.o
        48          6          0          0          0         96   _printf_char_common.o
        36          4          0          0          0         80   _printf_char_file.o
        40          0          0          0          0         68   _printf_charcount.o
         6          0          0          0          0          0   _printf_d.o
       116         16          0          0          0         92   _printf_dec.o
         6          0          0          0          0          0   _printf_e.o
         6          0          0          0          0          0   _printf_f.o
      1046          0          0          0          0        216   _printf_fp_dec.o
       128         16          0          0          0         84   _printf_fp_infnan.o
         6          0          0          0          0          0   _printf_g.o
       148          4         40          0          0        160   _printf_hex_int_ll_ptr.o
         6          0          0          0          0          0   _printf_i.o
       178          0          0          0          0         88   _printf_intcommon.o
        10          0          0          0          0          0   _printf_l.o
         6          0          0          0          0          0   _printf_lc.o
        10          0          0          0          0          0   _printf_ll.o
         6          0          0          0          0          0   _printf_lld.o
         6          0          0          0          0          0   _printf_lli.o
         6          0          0          0          0          0   _printf_llo.o
         6          0          0          0          0          0   _printf_llu.o
         6          0          0          0          0          0   _printf_llx.o
       120         16          0          0          0         92   _printf_longlong_dec.o
         6          0          0          0          0          0   _printf_ls.o
         6          0          0          0          0          0   _printf_n.o
         6          0          0          0          0          0   _printf_o.o
       112          8          0          0          0        124   _printf_oct_int_ll.o
         6          0          0          0          0          0   _printf_p.o
        78          0          0          0          0        108   _printf_pad.o
         0          0          0          0          0          0   _printf_percent.o
         4          0          0          0          0          0   _printf_percent_end.o
         6          0          0          0          0          0   _printf_s.o
        82          0          0          0          0         80   _printf_str.o
        36          0          0          0          0         84   _printf_truncate.o
         6          0          0          0          0          0   _printf_u.o
        44          0          0          0          0        108   _printf_wchar.o
       188          6          8          0          0         92   _printf_wctomb.o
         6          0          0          0          0          0   _printf_x.o
        16          0          0          0          0         68   _snputc.o
        10          0          0          0          0         68   _sputc.o
        64          0          0          0          0         92   _wcrtomb.o
       216          4        148          0          0         96   bigflt0.o
      1910        128          0          0          0        672   btod.o
        52          4          0          0          0         80   c89vsnprintf.o
        12          0          0          0          0         72   exit.o
         8          0          0          0          0         68   ferror.o
         6          0          0          0          0        152   heapauxi.o
        44         10        272          0          0         76   lc_ctype_c.o
        44         10         28          0          0         76   lc_numeric_c.o
         2          0          0          0          0          0   libinit.o
        30          0          0          0          0          0   libinit2.o
         2          0          0          0          0          0   libshutdown.o
         2          0          0          0          0          0   libshutdown2.o
         8          4          0          0         96         68   libspace.o
       138          0          0          0          0         80   lludiv10.o
        16          4          0          0          0         76   rt_ctype_table.o
         8          4          0          0          0         68   rt_locale_intlibspace.o
         0          0          0          0          0          0   rtentry.o
        12          0          0          0          0          0   rtentry2.o
         6          0          0          0          0          0   rtentry4.o
         2          0          0          0          0          0   rtexit.o
        10          0          0          0          0          0   rtexit2.o
       128          0          0          0          0         68   strcmpv7m.o
        62          0          0          0          0         76   strlen.o
        74          0          0          0          0         80   sys_stackheap_outer.o
         2          0          0          0          0         68   use_no_semi.o
         2          0          0          0          0         68   use_no_semi_2.o
       450          8          0          0          0        236   faddsub_clz.o
        54          4          0          0          0         84   ffix.o
        48          0          0          0          0         68   fflt_clz.o
       258          4          0          0          0         84   fmul.o
       140          4          0          0          0         84   fnaninf.o
        10          0          0          0          0         68   fretinf.o
         4          0          0          0          0         68   printf1.o
         0          0          0          0          0          0   usenofp.o
        40          0          0          0          0         68   fpclassify.o

    ----------------------------------------------------------------------
      7036        280        514          0        100       4924   Library Totals
        14          0          1          0          4          0   (incl. Padding)

    ----------------------------------------------------------------------

      Code (inc. data)   RO Data    RW Data    ZI Data      Debug   Library Name

      6018        260        513          0         96       4164   c_w.l
       964         20          0          0          0        692   fz_ws.l
        40          0          0          0          0         68   m_ws.l

    ----------------------------------------------------------------------
      7036        280        514          0        100       4924   Library Totals

    ----------------------------------------------------------------------

==============================================================================


      Code (inc. data)   RO Data    RW Data    ZI Data      Debug   

     19354        734        782        100       2036     347888   Grand Totals
     19354        734        782        100       2036     347888   ELF Image Totals
     19354        734        782        100          0          0   ROM Totals

==============================================================================

    Total RO  Size (Code + RO Data)                20136 (  19.66kB)
    Total RW  Size (RW Data + ZI Data)              2136 (   2.09kB)
    Total ROM Size (Code + RO Data + RW Data)      20236 (  19.76kB)

==============================================================================

